#
# There is insufficient memory for the Java Runtime Environment to continue.
# Native memory allocation (malloc) failed to allocate 1048576 bytes. Error detail: AllocateHeap
# Possible reasons:
#   The system is out of physical RAM or swap space
#   This process is running with CompressedOops enabled, and the Java Heap may be blocking the growth of the native heap
# Possible solutions:
#   Reduce memory load on the system
#   Increase physical memory or swap space
#   Check if swap backing store is full
#   Decrease Java heap size (-Xmx/-Xms)
#   Decrease number of Java threads
#   Decrease Java thread stack sizes (-Xss)
#   Set larger code cache with -XX:ReservedCodeCacheSize=
#   JVM is running with Unscaled Compressed Oops mode in which the Java heap is
#     placed in the first 4GB address space. The Java Heap base address is the
#     maximum limit for the native heap growth. Please use -XX:HeapBaseMinAddress
#     to set the Java Heap base and to place the Java Heap above 4GB virtual address.
# This output file may be truncated or incomplete.
#
#  Out of Memory Error (allocation.cpp:44), pid=7732, tid=14544
#
# JRE version: OpenJDK Runtime Environment Temurin-21.0.8+9 (21.0.8+9) (build 21.0.8+9-LTS)
# Java VM: OpenJDK 64-Bit Server VM Temurin-21.0.8+9 (21.0.8+9-LTS, mixed mode, sharing, tiered, compressed oops, compressed class ptrs, parallel gc, windows-amd64)
# No core dump will be written. Minidumps are not enabled by default on client versions of Windows
#

---------------  S U M M A R Y ------------

Command Line: --add-modules=ALL-SYSTEM --add-opens=java.base/java.util=ALL-UNNAMED --add-opens=java.base/java.lang=ALL-UNNAMED --add-opens=java.base/sun.nio.fs=ALL-UNNAMED -Declipse.application=org.eclipse.jdt.ls.core.id1 -Dosgi.bundles.defaultStartLevel=4 -Declipse.product=org.eclipse.jdt.ls.core.product -Djava.import.generatesMetadataFilesAtProjectRoot=false -DDetectVMInstallationsJob.disabled=true -Dfile.encoding=utf8 -XX:+UseParallelGC -XX:GCTimeRatio=4 -XX:AdaptiveSizePolicyWeight=90 -Dsun.zip.disableMemoryMapping=true -Xmx2G -Xms100m -Xlog:disable -javaagent:c:\Users\marco\.vscode\extensions\redhat.java-1.44.0-win32-x64\lombok\lombok-1.18.39-4050.jar -XX:+HeapDumpOnOutOfMemoryError -XX:HeapDumpPath=c:\Users\marco\AppData\Roaming\Code\User\workspaceStorage\fb5c6243aa85b1f3c28af12bd29ab6cf\redhat.java -Daether.dependencyCollector.impl=bf c:\Users\marco\.vscode\extensions\redhat.java-1.44.0-win32-x64\server\plugins\org.eclipse.equinox.launcher_1.7.0.v20250519-0528.jar -configuration c:\Users\marco\AppData\Roaming\Code\User\globalStorage\redhat.java\1.44.0\config_win -data c:\Users\marco\AppData\Roaming\Code\User\workspaceStorage\fb5c6243aa85b1f3c28af12bd29ab6cf\redhat.java\jdt_ws --pipe=\\.\pipe\lsp-f8a8dd520c1b3ebe4429dd21e604d5d2-sock

Host: AMD Ryzen 7 3700X 8-Core Processor             , 16 cores, 31G,  Windows 11 , 64 bit Build 22621 (10.0.22621.3958)
Time: Tue Aug 19 20:09:11 2025 W. Europe Daylight Time elapsed time: 9708.031411 seconds (0d 2h 41m 48s)

---------------  T H R E A D  ---------------

Current thread (0x000001a8ed126820):  JavaThread "Attach Listener" daemon [_thread_in_vm, id=14544, stack(0x000000a39ea00000,0x000000a39eb00000) (1024K)]

Stack: [0x000000a39ea00000,0x000000a39eb00000]
Native frames: (J=compiled Java code, j=interpreted, Vv=VM code, C=native code)
V  [jvm.dll+0x6d2449]
V  [jvm.dll+0x8ae341]
V  [jvm.dll+0x8b08be]
V  [jvm.dll+0x8b0fa3]
V  [jvm.dll+0x280c96]
V  [jvm.dll+0xc0347]
V  [jvm.dll+0x6d2cf9]
V  [jvm.dll+0x131116]
V  [jvm.dll+0x3f2d16]
V  [jvm.dll+0x857e6b]
V  [jvm.dll+0x6d0b0d]
C  [ucrtbase.dll+0x29333]
C  [KERNEL32.DLL+0x1257d]
C  [ntdll.dll+0x5af28]


---------------  P R O C E S S  ---------------

Threads class SMR info:
_java_thread_list=0x000001a8ce047100, length=47, elements={
0x000001a8ed085b30, 0x000001a8ed1214e0, 0x000001a8ffb1ddc0, 0x000001a8ed125820,
0x000001a8ed126820, 0x000001a8ed127cb0, 0x000001a8ed12bec0, 0x000001a8ed130300,
0x000001a8ed13c200, 0x000001a8c6046db0, 0x000001a8cc16e2e0, 0x000001a8cc771560,
0x000001a8cc771bf0, 0x000001a8cc76fb20, 0x000001a8cc772280, 0x000001a8cc7d2760,
0x000001a8cc7d5be0, 0x000001a8cc7d0690, 0x000001a8cc7d0d20, 0x000001a8cc7d1a40,
0x000001a8cc7d41a0, 0x000001a8cc7d4ec0, 0x000001a8cc7d5550, 0x000001a8cf470170,
0x000001a8cf4756c0, 0x000001a8cf477790, 0x000001a8cf4749a0, 0x000001a8cf472240,
0x000001a8cf475030, 0x000001a8cf475d50, 0x000001a8cf470e90, 0x000001a8cf4763e0,
0x000001a8cf470800, 0x000001a8cf4735f0, 0x000001a8cf476a70, 0x000001a8cf4728d0,
0x000001a8cf471520, 0x000001a8cf473c80, 0x000001a8cf471bb0, 0x000001a8cf477100,
0x000001a8cf474310, 0x000001a8d0994b50, 0x000001a8d183c5d0, 0x000001a8d183d980,
0x000001a8d183e6a0, 0x000001a8d183bf40, 0x000001a8d183ab90
}

Java Threads: ( => current thread )
  0x000001a8ed085b30 JavaThread "main"                              [_thread_blocked, id=176, stack(0x000000a39e200000,0x000000a39e300000) (1024K)]
  0x000001a8ed1214e0 JavaThread "Reference Handler"          daemon [_thread_blocked, id=29680, stack(0x000000a39e700000,0x000000a39e800000) (1024K)]
  0x000001a8ffb1ddc0 JavaThread "Finalizer"                  daemon [_thread_blocked, id=12684, stack(0x000000a39e800000,0x000000a39e900000) (1024K)]
  0x000001a8ed125820 JavaThread "Signal Dispatcher"          daemon [_thread_blocked, id=10068, stack(0x000000a39e900000,0x000000a39ea00000) (1024K)]
=>0x000001a8ed126820 JavaThread "Attach Listener"            daemon [_thread_in_vm, id=14544, stack(0x000000a39ea00000,0x000000a39eb00000) (1024K)]
  0x000001a8ed127cb0 JavaThread "Service Thread"             daemon [_thread_blocked, id=17496, stack(0x000000a39eb00000,0x000000a39ec00000) (1024K)]
  0x000001a8ed12bec0 JavaThread "Monitor Deflation Thread"   daemon [_thread_blocked, id=2900, stack(0x000000a39ec00000,0x000000a39ed00000) (1024K)]
  0x000001a8ed130300 JavaThread "C2 CompilerThread0"         daemon [_thread_blocked, id=21416, stack(0x000000a39ed00000,0x000000a39ee00000) (1024K)]
  0x000001a8ed13c200 JavaThread "C1 CompilerThread0"         daemon [_thread_blocked, id=17276, stack(0x000000a39ee00000,0x000000a39ef00000) (1024K)]
  0x000001a8c6046db0 JavaThread "Common-Cleaner"             daemon [_thread_blocked, id=6692, stack(0x000000a39ef00000,0x000000a39f000000) (1024K)]
  0x000001a8cc16e2e0 JavaThread "Notification Thread"        daemon [_thread_blocked, id=28880, stack(0x000000a39f300000,0x000000a39f400000) (1024K)]
  0x000001a8cc771560 JavaThread "Active Thread: Equinox Container: e727b4e0-e502-4d3a-bedb-2fba59491032"        [_thread_blocked, id=31056, stack(0x000000a3a0100000,0x000000a3a0200000) (1024K)]
  0x000001a8cc771bf0 JavaThread "Framework Event Dispatcher: Equinox Container: e727b4e0-e502-4d3a-bedb-2fba59491032" daemon [_thread_blocked, id=31084, stack(0x000000a39f200000,0x000000a39f300000) (1024K)]
  0x000001a8cc76fb20 JavaThread "Start Level: Equinox Container: e727b4e0-e502-4d3a-bedb-2fba59491032" daemon [_thread_blocked, id=30524, stack(0x000000a39f400000,0x000000a39f500000) (1024K)]
  0x000001a8cc772280 JavaThread "Refresh Thread: Equinox Container: e727b4e0-e502-4d3a-bedb-2fba59491032" daemon [_thread_blocked, id=10324, stack(0x000000a3a0400000,0x000000a3a0500000) (1024K)]
  0x000001a8cc7d2760 JavaThread "Bundle File Closer"         daemon [_thread_blocked, id=29392, stack(0x000000a3a0200000,0x000000a3a0300000) (1024K)]
  0x000001a8cc7d5be0 JavaThread "SCR Component Actor"        daemon [_thread_blocked, id=5724, stack(0x000000a39f000000,0x000000a39f100000) (1024K)]
  0x000001a8cc7d0690 JavaThread "Worker-JM"                         [_thread_blocked, id=9200, stack(0x000000a3a1600000,0x000000a3a1700000) (1024K)]
  0x000001a8cc7d0d20 JavaThread "JNA Cleaner"                daemon [_thread_blocked, id=20672, stack(0x000000a3a1900000,0x000000a3a1a00000) (1024K)]
  0x000001a8cc7d1a40 JavaThread "Java indexing"              daemon [_thread_blocked, id=17060, stack(0x000000a3a1d00000,0x000000a3a1e00000) (1024K)]
  0x000001a8cc7d41a0 JavaThread "Worker-2"                          [_thread_blocked, id=1124, stack(0x000000a3a1e00000,0x000000a3a1f00000) (1024K)]
  0x000001a8cc7d4ec0 JavaThread "Thread-2"                   daemon [_thread_in_native, id=24212, stack(0x000000a3a2000000,0x000000a3a2100000) (1024K)]
  0x000001a8cc7d5550 JavaThread "Thread-3"                   daemon [_thread_in_native, id=15508, stack(0x000000a3a2100000,0x000000a3a2200000) (1024K)]
  0x000001a8cf470170 JavaThread "Thread-4"                   daemon [_thread_in_native, id=15260, stack(0x000000a3a2200000,0x000000a3a2300000) (1024K)]
  0x000001a8cf4756c0 JavaThread "Thread-5"                   daemon [_thread_in_native, id=10956, stack(0x000000a3a2300000,0x000000a3a2400000) (1024K)]
  0x000001a8cf477790 JavaThread "Thread-6"                   daemon [_thread_in_native, id=30016, stack(0x000000a3a2400000,0x000000a3a2500000) (1024K)]
  0x000001a8cf4749a0 JavaThread "Thread-7"                   daemon [_thread_in_native, id=15572, stack(0x000000a3a2500000,0x000000a3a2600000) (1024K)]
  0x000001a8cf472240 JavaThread "Thread-8"                   daemon [_thread_in_native, id=14860, stack(0x000000a3a2600000,0x000000a3a2700000) (1024K)]
  0x000001a8cf475030 JavaThread "Thread-9"                   daemon [_thread_in_native, id=17256, stack(0x000000a3a2700000,0x000000a3a2800000) (1024K)]
  0x000001a8cf475d50 JavaThread "Thread-10"                  daemon [_thread_in_native, id=11064, stack(0x000000a3a2800000,0x000000a3a2900000) (1024K)]
  0x000001a8cf470e90 JavaThread "Thread-11"                  daemon [_thread_in_native, id=8188, stack(0x000000a3a2900000,0x000000a3a2a00000) (1024K)]
  0x000001a8cf4763e0 JavaThread "Thread-12"                  daemon [_thread_in_native, id=7936, stack(0x000000a3a2a00000,0x000000a3a2b00000) (1024K)]
  0x000001a8cf470800 JavaThread "Thread-13"                  daemon [_thread_in_native, id=8372, stack(0x000000a3a2b00000,0x000000a3a2c00000) (1024K)]
  0x000001a8cf4735f0 JavaThread "Thread-14"                  daemon [_thread_in_native, id=4560, stack(0x000000a3a2c00000,0x000000a3a2d00000) (1024K)]
  0x000001a8cf476a70 JavaThread "Thread-15"                  daemon [_thread_in_native, id=4380, stack(0x000000a3a2d00000,0x000000a3a2e00000) (1024K)]
  0x000001a8cf4728d0 JavaThread "Thread-16"                  daemon [_thread_in_native, id=5548, stack(0x000000a3a2e00000,0x000000a3a2f00000) (1024K)]
  0x000001a8cf471520 JavaThread "Thread-17"                  daemon [_thread_in_native, id=13704, stack(0x000000a3a2f00000,0x000000a3a3000000) (1024K)]
  0x000001a8cf473c80 JavaThread "Thread-18"                  daemon [_thread_in_native, id=18080, stack(0x000000a3a3000000,0x000000a3a3100000) (1024K)]
  0x000001a8cf471bb0 JavaThread "pool-2-thread-1"                   [_thread_blocked, id=18012, stack(0x000000a3a3200000,0x000000a3a3300000) (1024K)]
  0x000001a8cf477100 JavaThread "WorkspaceEventsHandler"            [_thread_blocked, id=5688, stack(0x000000a3a3600000,0x000000a3a3700000) (1024K)]
  0x000001a8cf474310 JavaThread "pool-1-thread-1"                   [_thread_blocked, id=21884, stack(0x000000a3a3700000,0x000000a3a3800000) (1024K)]
  0x000001a8d0994b50 JavaThread "pool-3-thread-1"                   [_thread_blocked, id=7048, stack(0x000000a39fb00000,0x000000a39fc00000) (1024K)]
  0x000001a8d183c5d0 JavaThread "Cleaner-0"                  daemon [_thread_blocked, id=2032, stack(0x000000a3a0900000,0x000000a3a0a00000) (1024K)]
  0x000001a8d183d980 JavaThread "Worker-6"                          [_thread_blocked, id=15812, stack(0x000000a3a3400000,0x000000a3a3500000) (1024K)]
  0x000001a8d183e6a0 JavaThread "Java Debug Server"          daemon [_thread_in_native, id=14008, stack(0x000000a39e600000,0x000000a39e700000) (1024K)]
  0x000001a8d183bf40 JavaThread "RxSchedulerPurge-1"         daemon [_thread_blocked, id=10984, stack(0x000000a39ff00000,0x000000a3a0000000) (1024K)]
  0x000001a8d183ab90 JavaThread "RxCachedWorkerPoolEvictor-1" daemon [_thread_blocked, id=29688, stack(0x000000a3a0000000,0x000000a3a0100000) (1024K)]
Total: 47

Other Threads:
  0x000001a8ed11ebf0 VMThread "VM Thread"                           [id=3140, stack(0x000000a39e500000,0x000000a39e600000) (1024K)]
  0x000001a8ff9fcb20 WatcherThread "VM Periodic Task Thread"        [id=15580, stack(0x000000a39e400000,0x000000a39e500000) (1024K)]
  0x000001a8ed0a3c10 WorkerThread "GC Thread#0"                     [id=16696, stack(0x000000a39e300000,0x000000a39e400000) (1024K)]
  0x000001a8ccbd9b40 WorkerThread "GC Thread#1"                     [id=19100, stack(0x000000a39f500000,0x000000a39f600000) (1024K)]
  0x000001a8ccbdad60 WorkerThread "GC Thread#2"                     [id=20176, stack(0x000000a39f600000,0x000000a39f700000) (1024K)]
  0x000001a8ccbdb4a0 WorkerThread "GC Thread#3"                     [id=2620, stack(0x000000a39f700000,0x000000a39f800000) (1024K)]
  0x000001a8ccbda280 WorkerThread "GC Thread#4"                     [id=29180, stack(0x000000a39f800000,0x000000a39f900000) (1024K)]
  0x000001a8ccbd9ee0 WorkerThread "GC Thread#5"                     [id=28420, stack(0x000000a39f900000,0x000000a39fa00000) (1024K)]
  0x000001a8ccbda620 WorkerThread "GC Thread#6"                     [id=18484, stack(0x000000a39fa00000,0x000000a39fb00000) (1024K)]
  0x000001a8ccbdb100 WorkerThread "GC Thread#7"                     [id=16692, stack(0x000000a39f100000,0x000000a39f200000) (1024K)]
  0x000001a8cc573fd0 WorkerThread "GC Thread#8"                     [id=28136, stack(0x000000a3a1300000,0x000000a3a1400000) (1024K)]
  0x000001a8cc571b90 WorkerThread "GC Thread#9"                     [id=28160, stack(0x000000a3a1400000,0x000000a3a1500000) (1024K)]
  0x000001a8cc571f30 WorkerThread "GC Thread#10"                    [id=23580, stack(0x000000a3a1500000,0x000000a3a1600000) (1024K)]
  0x000001a8cc574e50 WorkerThread "GC Thread#11"                    [id=28424, stack(0x000000a3a0500000,0x000000a3a0600000) (1024K)]
  0x000001a8cc572a10 WorkerThread "GC Thread#12"                    [id=24028, stack(0x000000a3a1800000,0x000000a3a1900000) (1024K)]
Total: 15

Threads with active compile tasks:
Total: 0

VM state: not at safepoint (normal execution)

VM Mutex/Monitor currently owned by a thread: None

Heap address: 0x0000000080000000, size: 2048 MB, Compressed Oops mode: 32-bit

CDS archive(s) mapped at: [0x000001a884000000-0x000001a884ba0000-0x000001a884ba0000), size 12189696, SharedBaseAddress: 0x000001a884000000, ArchiveRelocationMode: 1.
Compressed class space mapped at: 0x000001a885000000-0x000001a8c5000000, reserved size: 1073741824
Narrow klass base: 0x000001a884000000, Narrow klass shift: 0, Narrow klass range: 0x100000000

GC Precious Log:
 CardTable entry size: 512
 CPUs: 16 total, 16 available
 Memory: 32675M
 Large Page Support: Disabled
 NUMA Support: Disabled
 Compressed Oops: Enabled (32-bit)
 Alignments: Space 512K, Generation 512K, Heap 2M
 Heap Min Capacity: 100M
 Heap Initial Capacity: 100M
 Heap Max Capacity: 2G
 Pre-touch: Disabled
 Parallel Workers: 13

Heap:
 PSYoungGen      total 12288K, used 2916K [0x00000000d5580000, 0x00000000d6280000, 0x0000000100000000)
  eden space 11264K, 21% used [0x00000000d5580000,0x00000000d57e1300,0x00000000d6080000)
  from space 1024K, 46% used [0x00000000d6080000,0x00000000d60f8000,0x00000000d6180000)
  to   space 1024K, 0% used [0x00000000d6180000,0x00000000d6180000,0x00000000d6280000)
 ParOldGen       total 628224K, used 328595K [0x0000000080000000, 0x00000000a6580000, 0x00000000d5580000)
  object space 628224K, 52% used [0x0000000080000000,0x00000000940e4c88,0x00000000a6580000)
 Metaspace       used 71314K, committed 72768K, reserved 1114112K
  class space    used 7462K, committed 8128K, reserved 1048576K

Card table byte_map: [0x000001a8eca50000,0x000001a8ece60000] _byte_map_base: 0x000001a8ec650000

Marking Bits: (ParMarkBitMap*) 0x00007fffbf79a340
 Begin Bits: [0x000001a880000000, 0x000001a882000000)
 End Bits:   [0x000001a882000000, 0x000001a884000000)

Polling page: 0x000001a8ec840000

Metaspace:

Usage:
  Non-class:     62.36 MB used.
      Class:      7.29 MB used.
       Both:     69.64 MB used.

Virtual space:
  Non-class space:       64.00 MB reserved,      63.12 MB ( 99%) committed,  1 nodes.
      Class space:        1.00 GB reserved,       7.94 MB ( <1%) committed,  1 nodes.
             Both:        1.06 GB reserved,      71.06 MB (  7%) committed. 

Chunk freelists:
   Non-Class:  272.00 KB
       Class:  8.01 MB
        Both:  8.27 MB

MaxMetaspaceSize: unlimited
CompressedClassSpaceSize: 1.00 GB
Initial GC threshold: 21.00 MB
Current GC threshold: 97.31 MB
CDS: on
 - commit_granule_bytes: 65536.
 - commit_granule_words: 8192.
 - virtual_space_node_default_size: 8388608.
 - enlarge_chunks_in_place: 1.
 - use_allocation_guard: 0.


Internal statistics:

num_allocs_failed_limit: 9.
num_arena_births: 1300.
num_arena_deaths: 14.
num_vsnodes_births: 2.
num_vsnodes_deaths: 0.
num_space_committed: 1137.
num_space_uncommitted: 0.
num_chunks_returned_to_freelist: 23.
num_chunks_taken_from_freelist: 4585.
num_chunk_merges: 14.
num_chunk_splits: 2865.
num_chunks_enlarged: 1697.
num_inconsistent_stats: 0.

CodeHeap 'non-profiled nmethods': size=119168Kb used=12849Kb max_used=12849Kb free=106318Kb
 bounds [0x000001a8f7e10000, 0x000001a8f8aa0000, 0x000001a8ff270000]
CodeHeap 'profiled nmethods': size=119104Kb used=31709Kb max_used=31709Kb free=87394Kb
 bounds [0x000001a8f0270000, 0x000001a8f2170000, 0x000001a8f76c0000]
CodeHeap 'non-nmethods': size=7488Kb used=1478Kb max_used=3235Kb free=6009Kb
 bounds [0x000001a8f76c0000, 0x000001a8f7a00000, 0x000001a8f7e10000]
CodeCache: size=245760Kb, used=46036Kb, max_used=47793Kb, free=199721Kb
 total_blobs=13689, nmethods=12892, adapters=700, full_count=0
Compilation: enabled, stopped_count=0, restarted_count=0

Compilation events (20 events):
Event: 6738.078 Thread 0x000001a8ed13c200 13773       3       java.util.logging.Logger::demandLogger (36 bytes)
Event: 6738.078 Thread 0x000001a8ed13c200 nmethod 13773 0x000001a8f2158510 code [0x000001a8f21587a0, 0x000001a8f2159250]
Event: 6918.112 Thread 0x000001a8ed13c200 13774       3       java.lang.ClassLoader::getBuiltinPlatformClassLoader (4 bytes)
Event: 6918.112 Thread 0x000001a8ed13c200 nmethod 13774 0x000001a8f2159690 code [0x000001a8f2159840, 0x000001a8f2159990]
Event: 7008.142 Thread 0x000001a8ed13c200 13775       3       java.lang.ClassLoader::getPlatformClassLoader (21 bytes)
Event: 7008.143 Thread 0x000001a8ed13c200 nmethod 13775 0x000001a8f2159a10 code [0x000001a8f2159be0, 0x000001a8f2159e70]
Event: 7412.954 Thread 0x000001a8ed13c200 13776   !   3       org.eclipse.osgi.container.ModuleDatabase::getTimestamp (25 bytes)
Event: 7412.957 Thread 0x000001a8ed13c200 nmethod 13776 0x000001a8f2159f90 code [0x000001a8f215a1e0, 0x000001a8f215ab28]
Event: 7502.983 Thread 0x000001a8ed13c200 13777       3       org.eclipse.osgi.storage.Storage::isReadOnly (10 bytes)
Event: 7502.985 Thread 0x000001a8ed13c200 nmethod 13777 0x000001a8f215af90 code [0x000001a8f215b140, 0x000001a8f215b2c0]
Event: 7515.339 Thread 0x000001a8ed13c200 13778   !   3       org.eclipse.core.internal.jobs.JobListeners::waitAndSendEvents (445 bytes)
Event: 7515.349 Thread 0x000001a8ed13c200 nmethod 13778 0x000001a8f215b390 code [0x000001a8f215b9c0, 0x000001a8f215e7b8]
Event: 7515.349 Thread 0x000001a8ed13c200 13779       3       org.eclipse.core.internal.jobs.JobManager::doSchedule (207 bytes)
Event: 7515.355 Thread 0x000001a8ed13c200 nmethod 13779 0x000001a8f215ff10 code [0x000001a8f21602a0, 0x000001a8f2161ac8]
Event: 7683.039 Thread 0x000001a8ed13c200 13780   !   3       org.eclipse.osgi.internal.framework.StorageSaver$StorageSaverTask::run (31 bytes)
Event: 7683.048 Thread 0x000001a8ed13c200 nmethod 13780 0x000001a8f2162310 code [0x000001a8f21624e0, 0x000001a8f2162760]
Event: 7683.048 Thread 0x000001a8ed13c200 13781   !   3       org.eclipse.osgi.storage.Storage::save (62 bytes)
Event: 7683.050 Thread 0x000001a8ed13c200 nmethod 13781 0x000001a8f2162910 code [0x000001a8f2162b00, 0x000001a8f2162e70]
Event: 7683.050 Thread 0x000001a8ed13c200 13782   !   3       org.eclipse.osgi.storage.Storage::save0 (246 bytes)
Event: 7683.061 Thread 0x000001a8ed13c200 nmethod 13782 0x000001a8f2163010 code [0x000001a8f2163520, 0x000001a8f2166108]

GC Heap History (20 events):
Event: 32.565 GC heap before
{Heap before GC invocations=943 (full 3):
 PSYoungGen      total 13312K, used 12879K [0x00000000d5580000, 0x00000000d6480000, 0x0000000100000000)
  eden space 11264K, 99% used [0x00000000d5580000,0x00000000d607eb68,0x00000000d6080000)
  from space 2048K, 79% used [0x00000000d6080000,0x00000000d6215320,0x00000000d6280000)
  to   space 2048K, 0% used [0x00000000d6280000,0x00000000d6280000,0x00000000d6480000)
 ParOldGen       total 628224K, used 321670K [0x0000000080000000, 0x00000000a6580000, 0x00000000d5580000)
  object space 628224K, 51% used [0x0000000080000000,0x0000000093a21ad8,0x00000000a6580000)
 Metaspace       used 65017K, committed 66368K, reserved 1114112K
  class space    used 6753K, committed 7360K, reserved 1048576K
}
Event: 32.567 GC heap after
{Heap after GC invocations=943 (full 3):
 PSYoungGen      total 12800K, used 1424K [0x00000000d5580000, 0x00000000d6400000, 0x0000000100000000)
  eden space 11264K, 0% used [0x00000000d5580000,0x00000000d5580000,0x00000000d6080000)
  from space 1536K, 92% used [0x00000000d6280000,0x00000000d63e4030,0x00000000d6400000)
  to   space 1536K, 0% used [0x00000000d6100000,0x00000000d6100000,0x00000000d6280000)
 ParOldGen       total 628224K, used 322997K [0x0000000080000000, 0x00000000a6580000, 0x00000000d5580000)
  object space 628224K, 51% used [0x0000000080000000,0x0000000093b6d6e8,0x00000000a6580000)
 Metaspace       used 65017K, committed 66368K, reserved 1114112K
  class space    used 6753K, committed 7360K, reserved 1048576K
}
Event: 33.654 GC heap before
{Heap before GC invocations=944 (full 3):
 PSYoungGen      total 12800K, used 12688K [0x00000000d5580000, 0x00000000d6400000, 0x0000000100000000)
  eden space 11264K, 100% used [0x00000000d5580000,0x00000000d6080000,0x00000000d6080000)
  from space 1536K, 92% used [0x00000000d6280000,0x00000000d63e4030,0x00000000d6400000)
  to   space 1536K, 0% used [0x00000000d6100000,0x00000000d6100000,0x00000000d6280000)
 ParOldGen       total 628224K, used 322997K [0x0000000080000000, 0x00000000a6580000, 0x00000000d5580000)
  object space 628224K, 51% used [0x0000000080000000,0x0000000093b6d6e8,0x00000000a6580000)
 Metaspace       used 65468K, committed 66816K, reserved 1114112K
  class space    used 6786K, committed 7360K, reserved 1048576K
}
Event: 33.655 GC heap after
{Heap after GC invocations=944 (full 3):
 PSYoungGen      total 12288K, used 575K [0x00000000d5580000, 0x00000000d6300000, 0x0000000100000000)
  eden space 11264K, 0% used [0x00000000d5580000,0x00000000d5580000,0x00000000d6080000)
  from space 1024K, 56% used [0x00000000d6100000,0x00000000d618fd88,0x00000000d6200000)
  to   space 1024K, 0% used [0x00000000d6200000,0x00000000d6200000,0x00000000d6300000)
 ParOldGen       total 628224K, used 324179K [0x0000000080000000, 0x00000000a6580000, 0x00000000d5580000)
  object space 628224K, 51% used [0x0000000080000000,0x0000000093c94f88,0x00000000a6580000)
 Metaspace       used 65468K, committed 66816K, reserved 1114112K
  class space    used 6786K, committed 7360K, reserved 1048576K
}
Event: 54.584 GC heap before
{Heap before GC invocations=945 (full 3):
 PSYoungGen      total 12288K, used 11839K [0x00000000d5580000, 0x00000000d6300000, 0x0000000100000000)
  eden space 11264K, 100% used [0x00000000d5580000,0x00000000d6080000,0x00000000d6080000)
  from space 1024K, 56% used [0x00000000d6100000,0x00000000d618fd88,0x00000000d6200000)
  to   space 1024K, 0% used [0x00000000d6200000,0x00000000d6200000,0x00000000d6300000)
 ParOldGen       total 628224K, used 324179K [0x0000000080000000, 0x00000000a6580000, 0x00000000d5580000)
  object space 628224K, 51% used [0x0000000080000000,0x0000000093c94f88,0x00000000a6580000)
 Metaspace       used 65679K, committed 67136K, reserved 1114112K
  class space    used 6793K, committed 7424K, reserved 1048576K
}
Event: 54.585 GC heap after
{Heap after GC invocations=945 (full 3):
 PSYoungGen      total 11776K, used 384K [0x00000000d5580000, 0x00000000d6280000, 0x0000000100000000)
  eden space 11264K, 0% used [0x00000000d5580000,0x00000000d5580000,0x00000000d6080000)
  from space 512K, 75% used [0x00000000d6200000,0x00000000d6260090,0x00000000d6280000)
  to   space 512K, 0% used [0x00000000d6180000,0x00000000d6180000,0x00000000d6200000)
 ParOldGen       total 628224K, used 324525K [0x0000000080000000, 0x00000000a6580000, 0x00000000d5580000)
  object space 628224K, 51% used [0x0000000080000000,0x0000000093ceb578,0x00000000a6580000)
 Metaspace       used 65679K, committed 67136K, reserved 1114112K
  class space    used 6793K, committed 7424K, reserved 1048576K
}
Event: 81.243 GC heap before
{Heap before GC invocations=946 (full 3):
 PSYoungGen      total 11776K, used 11648K [0x00000000d5580000, 0x00000000d6280000, 0x0000000100000000)
  eden space 11264K, 100% used [0x00000000d5580000,0x00000000d6080000,0x00000000d6080000)
  from space 512K, 75% used [0x00000000d6200000,0x00000000d6260090,0x00000000d6280000)
  to   space 512K, 0% used [0x00000000d6180000,0x00000000d6180000,0x00000000d6200000)
 ParOldGen       total 628224K, used 324525K [0x0000000080000000, 0x00000000a6580000, 0x00000000d5580000)
  object space 628224K, 51% used [0x0000000080000000,0x0000000093ceb578,0x00000000a6580000)
 Metaspace       used 66222K, committed 67712K, reserved 1114112K
  class space    used 6844K, committed 7488K, reserved 1048576K
}
Event: 81.245 GC heap after
{Heap after GC invocations=946 (full 3):
 PSYoungGen      total 11776K, used 482K [0x00000000d5580000, 0x00000000d6480000, 0x0000000100000000)
  eden space 11264K, 0% used [0x00000000d5580000,0x00000000d5580000,0x00000000d6080000)
  from space 512K, 94% used [0x00000000d6180000,0x00000000d61f8900,0x00000000d6200000)
  to   space 2048K, 0% used [0x00000000d6280000,0x00000000d6280000,0x00000000d6480000)
 ParOldGen       total 628224K, used 325808K [0x0000000080000000, 0x00000000a6580000, 0x00000000d5580000)
  object space 628224K, 51% used [0x0000000080000000,0x0000000093e2c240,0x00000000a6580000)
 Metaspace       used 66222K, committed 67712K, reserved 1114112K
  class space    used 6844K, committed 7488K, reserved 1048576K
}
Event: 81.395 GC heap before
{Heap before GC invocations=947 (full 3):
 PSYoungGen      total 11776K, used 11746K [0x00000000d5580000, 0x00000000d6480000, 0x0000000100000000)
  eden space 11264K, 100% used [0x00000000d5580000,0x00000000d6080000,0x00000000d6080000)
  from space 512K, 94% used [0x00000000d6180000,0x00000000d61f8900,0x00000000d6200000)
  to   space 2048K, 0% used [0x00000000d6280000,0x00000000d6280000,0x00000000d6480000)
 ParOldGen       total 628224K, used 325808K [0x0000000080000000, 0x00000000a6580000, 0x00000000d5580000)
  object space 628224K, 51% used [0x0000000080000000,0x0000000093e2c240,0x00000000a6580000)
 Metaspace       used 66966K, committed 68352K, reserved 1114112K
  class space    used 6895K, committed 7488K, reserved 1048576K
}
Event: 81.397 GC heap after
{Heap after GC invocations=947 (full 3):
 PSYoungGen      total 13312K, used 1734K [0x00000000d5580000, 0x00000000d6480000, 0x0000000100000000)
  eden space 11264K, 0% used [0x00000000d5580000,0x00000000d5580000,0x00000000d6080000)
  from space 2048K, 84% used [0x00000000d6280000,0x00000000d64319b8,0x00000000d6480000)
  to   space 2048K, 0% used [0x00000000d6080000,0x00000000d6080000,0x00000000d6280000)
 ParOldGen       total 628224K, used 326103K [0x0000000080000000, 0x00000000a6580000, 0x00000000d5580000)
  object space 628224K, 51% used [0x0000000080000000,0x0000000093e75cd8,0x00000000a6580000)
 Metaspace       used 66966K, committed 68352K, reserved 1114112K
  class space    used 6895K, committed 7488K, reserved 1048576K
}
Event: 81.484 GC heap before
{Heap before GC invocations=948 (full 3):
 PSYoungGen      total 13312K, used 12998K [0x00000000d5580000, 0x00000000d6480000, 0x0000000100000000)
  eden space 11264K, 100% used [0x00000000d5580000,0x00000000d6080000,0x00000000d6080000)
  from space 2048K, 84% used [0x00000000d6280000,0x00000000d64319b8,0x00000000d6480000)
  to   space 2048K, 0% used [0x00000000d6080000,0x00000000d6080000,0x00000000d6280000)
 ParOldGen       total 628224K, used 326103K [0x0000000080000000, 0x00000000a6580000, 0x00000000d5580000)
  object space 628224K, 51% used [0x0000000080000000,0x0000000093e75cd8,0x00000000a6580000)
 Metaspace       used 67418K, committed 68928K, reserved 1114112K
  class space    used 6961K, committed 7616K, reserved 1048576K
}
Event: 81.486 GC heap after
{Heap after GC invocations=948 (full 3):
 PSYoungGen      total 12800K, used 1269K [0x00000000d5580000, 0x00000000d6380000, 0x0000000100000000)
  eden space 11264K, 0% used [0x00000000d5580000,0x00000000d5580000,0x00000000d6080000)
  from space 1536K, 82% used [0x00000000d6080000,0x00000000d61bd448,0x00000000d6200000)
  to   space 1536K, 0% used [0x00000000d6200000,0x00000000d6200000,0x00000000d6380000)
 ParOldGen       total 628224K, used 327580K [0x0000000080000000, 0x00000000a6580000, 0x00000000d5580000)
  object space 628224K, 52% used [0x0000000080000000,0x0000000093fe7040,0x00000000a6580000)
 Metaspace       used 67418K, committed 68928K, reserved 1114112K
  class space    used 6961K, committed 7616K, reserved 1048576K
}
Event: 98.041 GC heap before
{Heap before GC invocations=949 (full 3):
 PSYoungGen      total 12800K, used 12533K [0x00000000d5580000, 0x00000000d6380000, 0x0000000100000000)
  eden space 11264K, 100% used [0x00000000d5580000,0x00000000d6080000,0x00000000d6080000)
  from space 1536K, 82% used [0x00000000d6080000,0x00000000d61bd448,0x00000000d6200000)
  to   space 1536K, 0% used [0x00000000d6200000,0x00000000d6200000,0x00000000d6380000)
 ParOldGen       total 628224K, used 327580K [0x0000000080000000, 0x00000000a6580000, 0x00000000d5580000)
  object space 628224K, 52% used [0x0000000080000000,0x0000000093fe7040,0x00000000a6580000)
 Metaspace       used 67791K, committed 69248K, reserved 1114112K
  class space    used 6993K, committed 7616K, reserved 1048576K
}
Event: 98.042 GC heap after
{Heap after GC invocations=949 (full 3):
 PSYoungGen      total 12288K, used 512K [0x00000000d5580000, 0x00000000d6300000, 0x0000000100000000)
  eden space 11264K, 0% used [0x00000000d5580000,0x00000000d5580000,0x00000000d6080000)
  from space 1024K, 50% used [0x00000000d6200000,0x00000000d6280020,0x00000000d6300000)
  to   space 1024K, 0% used [0x00000000d6100000,0x00000000d6100000,0x00000000d6200000)
 ParOldGen       total 628224K, used 327772K [0x0000000080000000, 0x00000000a6580000, 0x00000000d5580000)
  object space 628224K, 52% used [0x0000000080000000,0x0000000094017040,0x00000000a6580000)
 Metaspace       used 67791K, committed 69248K, reserved 1114112K
  class space    used 6993K, committed 7616K, reserved 1048576K
}
Event: 98.143 GC heap before
{Heap before GC invocations=950 (full 3):
 PSYoungGen      total 12288K, used 11776K [0x00000000d5580000, 0x00000000d6300000, 0x0000000100000000)
  eden space 11264K, 100% used [0x00000000d5580000,0x00000000d6080000,0x00000000d6080000)
  from space 1024K, 50% used [0x00000000d6200000,0x00000000d6280020,0x00000000d6300000)
  to   space 1024K, 0% used [0x00000000d6100000,0x00000000d6100000,0x00000000d6200000)
 ParOldGen       total 628224K, used 327772K [0x0000000080000000, 0x00000000a6580000, 0x00000000d5580000)
  object space 628224K, 52% used [0x0000000080000000,0x0000000094017040,0x00000000a6580000)
 Metaspace       used 69097K, committed 70592K, reserved 1114112K
  class space    used 7143K, committed 7808K, reserved 1048576K
}
Event: 98.144 GC heap after
{Heap after GC invocations=950 (full 3):
 PSYoungGen      total 12288K, used 561K [0x00000000d5580000, 0x00000000d6280000, 0x0000000100000000)
  eden space 11264K, 0% used [0x00000000d5580000,0x00000000d5580000,0x00000000d6080000)
  from space 1024K, 54% used [0x00000000d6100000,0x00000000d618c5d0,0x00000000d6200000)
  to   space 512K, 0% used [0x00000000d6200000,0x00000000d6200000,0x00000000d6280000)
 ParOldGen       total 628224K, used 328028K [0x0000000080000000, 0x00000000a6580000, 0x00000000d5580000)
  object space 628224K, 52% used [0x0000000080000000,0x0000000094057060,0x00000000a6580000)
 Metaspace       used 69097K, committed 70592K, reserved 1114112K
  class space    used 7143K, committed 7808K, reserved 1048576K
}
Event: 98.213 GC heap before
{Heap before GC invocations=951 (full 3):
 PSYoungGen      total 12288K, used 11825K [0x00000000d5580000, 0x00000000d6280000, 0x0000000100000000)
  eden space 11264K, 100% used [0x00000000d5580000,0x00000000d6080000,0x00000000d6080000)
  from space 1024K, 54% used [0x00000000d6100000,0x00000000d618c5d0,0x00000000d6200000)
  to   space 512K, 0% used [0x00000000d6200000,0x00000000d6200000,0x00000000d6280000)
 ParOldGen       total 628224K, used 328028K [0x0000000080000000, 0x00000000a6580000, 0x00000000d5580000)
  object space 628224K, 52% used [0x0000000080000000,0x0000000094057060,0x00000000a6580000)
 Metaspace       used 70308K, committed 71808K, reserved 1114112K
  class space    used 7348K, committed 8000K, reserved 1048576K
}
Event: 98.214 GC heap after
{Heap after GC invocations=951 (full 3):
 PSYoungGen      total 11776K, used 496K [0x00000000d5580000, 0x00000000d6280000, 0x0000000100000000)
  eden space 11264K, 0% used [0x00000000d5580000,0x00000000d5580000,0x00000000d6080000)
  from space 512K, 96% used [0x00000000d6200000,0x00000000d627c010,0x00000000d6280000)
  to   space 1024K, 0% used [0x00000000d6080000,0x00000000d6080000,0x00000000d6180000)
 ParOldGen       total 628224K, used 328371K [0x0000000080000000, 0x00000000a6580000, 0x00000000d5580000)
  object space 628224K, 52% used [0x0000000080000000,0x00000000940acc58,0x00000000a6580000)
 Metaspace       used 70308K, committed 71808K, reserved 1114112K
  class space    used 7348K, committed 8000K, reserved 1048576K
}
Event: 5496.171 GC heap before
{Heap before GC invocations=952 (full 3):
 PSYoungGen      total 11776K, used 11759K [0x00000000d5580000, 0x00000000d6280000, 0x0000000100000000)
  eden space 11264K, 99% used [0x00000000d5580000,0x00000000d607ffb0,0x00000000d6080000)
  from space 512K, 96% used [0x00000000d6200000,0x00000000d627c010,0x00000000d6280000)
  to   space 1024K, 0% used [0x00000000d6080000,0x00000000d6080000,0x00000000d6180000)
 ParOldGen       total 628224K, used 328371K [0x0000000080000000, 0x00000000a6580000, 0x00000000d5580000)
  object space 628224K, 52% used [0x0000000080000000,0x00000000940acc58,0x00000000a6580000)
 Metaspace       used 71282K, committed 72768K, reserved 1114112K
  class space    used 7462K, committed 8128K, reserved 1048576K
}
Event: 5496.239 GC heap after
{Heap after GC invocations=952 (full 3):
 PSYoungGen      total 12288K, used 480K [0x00000000d5580000, 0x00000000d6280000, 0x0000000100000000)
  eden space 11264K, 0% used [0x00000000d5580000,0x00000000d5580000,0x00000000d6080000)
  from space 1024K, 46% used [0x00000000d6080000,0x00000000d60f8000,0x00000000d6180000)
  to   space 1024K, 0% used [0x00000000d6180000,0x00000000d6180000,0x00000000d6280000)
 ParOldGen       total 628224K, used 328595K [0x0000000080000000, 0x00000000a6580000, 0x00000000d5580000)
  object space 628224K, 52% used [0x0000000080000000,0x00000000940e4c88,0x00000000a6580000)
 Metaspace       used 71282K, committed 72768K, reserved 1114112K
  class space    used 7462K, committed 8128K, reserved 1048576K
}

Dll operation events (11 events):
Event: 0.014 Loaded shared library c:\Users\marco\.vscode\extensions\redhat.java-1.44.0-win32-x64\jre\21.0.8-win32-x86_64\bin\java.dll
Event: 0.086 Loaded shared library c:\Users\marco\.vscode\extensions\redhat.java-1.44.0-win32-x64\jre\21.0.8-win32-x86_64\bin\zip.dll
Event: 0.105 Loaded shared library C:\Users\marco\.vscode\extensions\redhat.java-1.44.0-win32-x64\jre\21.0.8-win32-x86_64\bin\instrument.dll
Event: 0.109 Loaded shared library C:\Users\marco\.vscode\extensions\redhat.java-1.44.0-win32-x64\jre\21.0.8-win32-x86_64\bin\net.dll
Event: 0.111 Loaded shared library C:\Users\marco\.vscode\extensions\redhat.java-1.44.0-win32-x64\jre\21.0.8-win32-x86_64\bin\nio.dll
Event: 0.114 Loaded shared library C:\Users\marco\.vscode\extensions\redhat.java-1.44.0-win32-x64\jre\21.0.8-win32-x86_64\bin\zip.dll
Event: 0.131 Loaded shared library C:\Users\marco\.vscode\extensions\redhat.java-1.44.0-win32-x64\jre\21.0.8-win32-x86_64\bin\jimage.dll
Event: 0.197 Loaded shared library c:\Users\marco\.vscode\extensions\redhat.java-1.44.0-win32-x64\jre\21.0.8-win32-x86_64\bin\verify.dll
Event: 7.133 Loaded shared library C:\Users\marco\AppData\Roaming\Code\User\globalStorage\redhat.java\1.44.0\config_win\org.eclipse.equinox.launcher\org.eclipse.equinox.launcher.win32.win32.x86_64_1.2.1400.v20250730-1736\eclipse_11913.dll
Event: 15.185 Loaded shared library C:\Users\marco\AppData\Local\Temp\jna-103666250\jna12427776769442168506.dll
Event: 98.111 Loaded shared library C:\Users\marco\.vscode\extensions\redhat.java-1.44.0-win32-x64\jre\21.0.8-win32-x86_64\bin\extnet.dll

Deoptimization events (20 events):
Event: 318.651 Thread 0x000001a8cc7d41a0 Uncommon trap: trap_request=0xffffffc6 fr.pc=0x000001a8f8a56d48 relative=0x0000000000000be8
Event: 318.651 Thread 0x000001a8cc7d41a0 Uncommon trap: reason=bimorphic_or_optimized_type_check action=maybe_recompile pc=0x000001a8f8a56d48 method=java.io.InputStream.read([BII)I @ 15 c2
Event: 318.651 Thread 0x000001a8cc7d41a0 DEOPT PACKING pc=0x000001a8f8a56d48 sp=0x000000a3a1efebd0
Event: 318.651 Thread 0x000001a8cc7d41a0 DEOPT UNPACKING pc=0x000001a8f7713aa2 sp=0x000000a3a1efeb58 mode 2
Event: 318.651 Thread 0x000001a8cc7d41a0 Uncommon trap: trap_request=0xffffffc6 fr.pc=0x000001a8f8a56d48 relative=0x0000000000000be8
Event: 318.651 Thread 0x000001a8cc7d41a0 Uncommon trap: reason=bimorphic_or_optimized_type_check action=maybe_recompile pc=0x000001a8f8a56d48 method=java.io.InputStream.read([BII)I @ 15 c2
Event: 318.651 Thread 0x000001a8cc7d41a0 DEOPT PACKING pc=0x000001a8f8a56d48 sp=0x000000a3a1efebd0
Event: 318.651 Thread 0x000001a8cc7d41a0 DEOPT UNPACKING pc=0x000001a8f7713aa2 sp=0x000000a3a1efeb58 mode 2
Event: 4707.176 Thread 0x000001a8d183bf40 Uncommon trap: trap_request=0xffffffd6 fr.pc=0x000001a8f8a94edc relative=0x000000000000039c
Event: 4707.176 Thread 0x000001a8d183bf40 Uncommon trap: reason=array_check action=maybe_recompile pc=0x000001a8f8a94edc method=java.util.concurrent.ScheduledThreadPoolExecutor$DelayedWorkQueue.offer(Ljava/lang/Runnable;)Z @ 65 c2
Event: 4707.176 Thread 0x000001a8d183bf40 DEOPT PACKING pc=0x000001a8f8a94edc sp=0x000000a39ffff340
Event: 4707.177 Thread 0x000001a8d183bf40 DEOPT UNPACKING pc=0x000001a8f7713aa2 sp=0x000000a39ffff1f0 mode 2
Event: 4708.168 Thread 0x000001a8d183bf40 Uncommon trap: trap_request=0xffffffd6 fr.pc=0x000001a8f8a94edc relative=0x000000000000039c
Event: 4708.168 Thread 0x000001a8d183bf40 Uncommon trap: reason=array_check action=maybe_recompile pc=0x000001a8f8a94edc method=java.util.concurrent.ScheduledThreadPoolExecutor$DelayedWorkQueue.offer(Ljava/lang/Runnable;)Z @ 65 c2
Event: 4708.168 Thread 0x000001a8d183bf40 DEOPT PACKING pc=0x000001a8f8a94edc sp=0x000000a39ffff340
Event: 4708.168 Thread 0x000001a8d183bf40 DEOPT UNPACKING pc=0x000001a8f7713aa2 sp=0x000000a39ffff1f0 mode 2
Event: 4709.178 Thread 0x000001a8d183bf40 Uncommon trap: trap_request=0xffffffd6 fr.pc=0x000001a8f8a94edc relative=0x000000000000039c
Event: 4709.178 Thread 0x000001a8d183bf40 Uncommon trap: reason=array_check action=maybe_recompile pc=0x000001a8f8a94edc method=java.util.concurrent.ScheduledThreadPoolExecutor$DelayedWorkQueue.offer(Ljava/lang/Runnable;)Z @ 65 c2
Event: 4709.178 Thread 0x000001a8d183bf40 DEOPT PACKING pc=0x000001a8f8a94edc sp=0x000000a39ffff340
Event: 4709.178 Thread 0x000001a8d183bf40 DEOPT UNPACKING pc=0x000001a8f7713aa2 sp=0x000000a39ffff1f0 mode 2

Classes loaded (20 events):
Event: 99.255 Loading class java/lang/ProcessHandleImpl$1
Event: 99.255 Loading class java/lang/ProcessHandleImpl$1 done
Event: 99.255 Loading class java/util/concurrent/CompletableFuture$UniHandle
Event: 99.255 Loading class java/util/concurrent/CompletableFuture$UniHandle done
Event: 318.640 Loading class java/util/stream/Nodes$CollectorTask$OfRef
Event: 318.640 Loading class java/util/stream/Nodes$CollectorTask
Event: 318.640 Loading class java/util/stream/Nodes$CollectorTask done
Event: 318.641 Loading class java/util/stream/Nodes$CollectorTask$OfRef done
Event: 318.641 Loading class java/util/function/LongFunction
Event: 318.641 Loading class java/util/function/LongFunction done
Event: 318.641 Loading class java/util/stream/Nodes$ConcNode
Event: 318.641 Loading class java/util/stream/Nodes$AbstractConcNode
Event: 318.641 Loading class java/util/stream/Nodes$AbstractConcNode done
Event: 318.641 Loading class java/util/stream/Nodes$ConcNode done
Event: 318.642 Loading class java/io/ObjectOutputStream$BlockDataOutputStream
Event: 318.642 Loading class java/io/ObjectOutputStream$BlockDataOutputStream done
Event: 318.642 Loading class java/io/ObjectOutputStream$HandleTable
Event: 318.642 Loading class java/io/ObjectOutputStream$HandleTable done
Event: 318.642 Loading class java/io/ObjectOutputStream$ReplaceTable
Event: 318.642 Loading class java/io/ObjectOutputStream$ReplaceTable done

Classes unloaded (7 events):
Event: 15.572 Thread 0x000001a8ed11ebf0 Unloading class 0x000001a8851b2800 'java/lang/invoke/LambdaForm$MH+0x000001a8851b2800'
Event: 15.572 Thread 0x000001a8ed11ebf0 Unloading class 0x000001a8851b2400 'java/lang/invoke/LambdaForm$MH+0x000001a8851b2400'
Event: 15.572 Thread 0x000001a8ed11ebf0 Unloading class 0x000001a8851b2000 'java/lang/invoke/LambdaForm$MH+0x000001a8851b2000'
Event: 15.572 Thread 0x000001a8ed11ebf0 Unloading class 0x000001a8851b1c00 'java/lang/invoke/LambdaForm$MH+0x000001a8851b1c00'
Event: 15.572 Thread 0x000001a8ed11ebf0 Unloading class 0x000001a8851b1800 'java/lang/invoke/LambdaForm$BMH+0x000001a8851b1800'
Event: 15.572 Thread 0x000001a8ed11ebf0 Unloading class 0x000001a8851b1400 'java/lang/invoke/LambdaForm$DMH+0x000001a8851b1400'
Event: 15.572 Thread 0x000001a8ed11ebf0 Unloading class 0x000001a8851b0000 'java/lang/invoke/LambdaForm$DMH+0x000001a8851b0000'

Classes redefined (0 events):
No events

Internal exceptions (20 events):
Event: 88.284 Thread 0x000001a8d0996c20 Exception <a 'java/lang/NoSuchMethodError'{0x00000000d5fb2f88}: 'java.lang.Object java.lang.invoke.DirectMethodHandle$Holder.newInvokeSpecial(java.lang.Object, java.lang.Object, int)'> (0x00000000d5fb2f88) 
thrown [s\src\hotspot\share\interpreter\linkResolver.cpp, line 773]
Event: 98.059 Thread 0x000001a8d0996c20 Exception <a 'java/lang/NoSuchMethodError'{0x00000000d5675900}: 'java.lang.Object java.lang.invoke.DirectMethodHandle$Holder.invokeStatic(java.lang.Object, java.lang.Object, int, java.lang.Object)'> (0x00000000d5675900) 
thrown [s\src\hotspot\share\interpreter\linkResolver.cpp, line 773]
Event: 98.070 Thread 0x000001a8d0996c20 Exception <a 'sun/nio/fs/WindowsException'{0x00000000d5725e50}> (0x00000000d5725e50) 
thrown [s\src\hotspot\share\prims\jni.cpp, line 520]
Event: 98.070 Thread 0x000001a8d0996c20 Exception <a 'sun/nio/fs/WindowsException'{0x00000000d5726640}> (0x00000000d5726640) 
thrown [s\src\hotspot\share\prims\jni.cpp, line 520]
Event: 98.070 Thread 0x000001a8d0996c20 Exception <a 'sun/nio/fs/WindowsException'{0x00000000d5727508}> (0x00000000d5727508) 
thrown [s\src\hotspot\share\prims\jni.cpp, line 520]
Event: 98.070 Thread 0x000001a8d0996c20 Exception <a 'sun/nio/fs/WindowsException'{0x00000000d5727fa8}> (0x00000000d5727fa8) 
thrown [s\src\hotspot\share\prims\jni.cpp, line 520]
Event: 98.075 Thread 0x000001a8d0996c20 Exception <a 'sun/nio/fs/WindowsException'{0x00000000d57682c8}> (0x00000000d57682c8) 
thrown [s\src\hotspot\share\prims\jni.cpp, line 520]
Event: 98.075 Thread 0x000001a8d0996c20 Exception <a 'sun/nio/fs/WindowsException'{0x00000000d5768ab8}> (0x00000000d5768ab8) 
thrown [s\src\hotspot\share\prims\jni.cpp, line 520]
Event: 98.124 Thread 0x000001a8d183fa50 Exception <a 'java/io/FileNotFoundException'{0x00000000d5ba0be8}> (0x00000000d5ba0be8) 
thrown [s\src\hotspot\share\prims\jni.cpp, line 520]
Event: 98.206 Thread 0x000001a8d183fa50 Exception <a 'java/lang/NoSuchMethodError'{0x00000000d5f69c40}: 'java.lang.Object java.lang.invoke.DirectMethodHandle$Holder.invokeVirtual(java.lang.Object, java.lang.Object, java.lang.Object, java.lang.Object)'> (0x00000000d5f69c40) 
thrown [s\src\hotspot\share\interpreter\linkResolver.cpp, line 773]
Event: 98.240 Thread 0x000001a8d1838ac0 Exception <a 'java/lang/NoSuchMethodError'{0x00000000d588ab40}: 'java.lang.Object java.lang.invoke.DirectMethodHandle$Holder.invokeStatic(java.lang.Object, long, java.lang.Object, java.lang.Object)'> (0x00000000d588ab40) 
thrown [s\src\hotspot\share\interpreter\linkResolver.cpp, line 773]
Event: 98.252 Thread 0x000001a8d1838ac0 Exception <a 'sun/nio/fs/WindowsException'{0x00000000d592b0d8}> (0x00000000d592b0d8) 
thrown [s\src\hotspot\share\prims\jni.cpp, line 520]
Event: 98.252 Thread 0x000001a8d1838ac0 Exception <a 'sun/nio/fs/WindowsException'{0x00000000d592c3e0}> (0x00000000d592c3e0) 
thrown [s\src\hotspot\share\prims\jni.cpp, line 520]
Event: 98.290 Thread 0x000001a8cf474310 Exception <a 'java/lang/IncompatibleClassChangeError'{0x00000000d59fd4a0}: Found class java.lang.Object, but interface was expected> (0x00000000d59fd4a0) 
thrown [s\src\hotspot\share\interpreter\linkResolver.cpp, line 840]
Event: 98.993 Thread 0x000001a8d183b220 Exception <a 'java/lang/NoSuchMethodError'{0x00000000d5a54630}: 'long java.lang.invoke.DelegatingMethodHandle$Holder.reinvoke_L(java.lang.Object, java.lang.Object)'> (0x00000000d5a54630) 
thrown [s\src\hotspot\share\interpreter\linkResolver.cpp, line 773]
Event: 98.994 Thread 0x000001a8d183b220 Exception <a 'java/lang/NoSuchMethodError'{0x00000000d5a5e8d8}: 'void java.lang.invoke.DelegatingMethodHandle$Holder.reinvoke_L(java.lang.Object, java.lang.Object, long)'> (0x00000000d5a5e8d8) 
thrown [s\src\hotspot\share\interpreter\linkResolver.cpp, line 773]
Event: 99.256 Thread 0x000001a8d183b220 Exception <a 'java/lang/NoSuchMethodError'{0x00000000d5b53e48}: 'long java.lang.invoke.Invokers$Holder.invokeExact_MT(java.lang.Object, java.lang.Object, java.lang.Object)'> (0x00000000d5b53e48) 
thrown [s\src\hotspot\share\interpreter\linkResolver.cpp, line 773]
Event: 148.700 Thread 0x000001a8d1838ac0 Exception <a 'sun/nio/fs/WindowsException'{0x00000000d5bde240}> (0x00000000d5bde240) 
thrown [s\src\hotspot\share\prims\jni.cpp, line 520]
Event: 148.701 Thread 0x000001a8d1838ac0 Exception <a 'sun/nio/fs/WindowsException'{0x00000000d5bde8b0}> (0x00000000d5bde8b0) 
thrown [s\src\hotspot\share\prims\jni.cpp, line 520]
Event: 318.647 Thread 0x000001a8cc7d41a0 Exception <a 'java/lang/NoSuchMethodError'{0x00000000d5d22138}: 'java.lang.Object java.lang.invoke.DirectMethodHandle$Holder.newInvokeSpecial(java.lang.Object, java.lang.Object, java.lang.Object, java.lang.Object, java.lang.Object, java.lang.Object, java.lang.Object, java.lang.Object)'> (0x00000000d5d22138) 
thrown [s\src\hotspot\share\interpreter\linkResolver.cpp, line 773]

ZGC Phase Switch (0 events):
No events

VM Operations (20 events):
Event: 9382.524 Executing VM operation: HandshakeAllThreads (HandshakeForDeflation)
Event: 9382.524 Executing VM operation: HandshakeAllThreads (HandshakeForDeflation) done
Event: 9382.524 Executing VM operation: RendezvousGCThreads
Event: 9382.524 Executing VM operation: RendezvousGCThreads done
Event: 9442.668 Executing VM operation: HandshakeAllThreads (HandshakeForDeflation)
Event: 9442.668 Executing VM operation: HandshakeAllThreads (HandshakeForDeflation) done
Event: 9442.668 Executing VM operation: RendezvousGCThreads
Event: 9442.668 Executing VM operation: RendezvousGCThreads done
Event: 9562.909 Executing VM operation: HandshakeAllThreads (HandshakeForDeflation)
Event: 9562.909 Executing VM operation: HandshakeAllThreads (HandshakeForDeflation) done
Event: 9562.909 Executing VM operation: RendezvousGCThreads
Event: 9562.909 Executing VM operation: RendezvousGCThreads done
Event: 9623.045 Executing VM operation: HandshakeAllThreads (HandshakeForDeflation)
Event: 9623.045 Executing VM operation: HandshakeAllThreads (HandshakeForDeflation) done
Event: 9623.045 Executing VM operation: RendezvousGCThreads
Event: 9623.045 Executing VM operation: RendezvousGCThreads done
Event: 9683.196 Executing VM operation: HandshakeAllThreads (HandshakeForDeflation)
Event: 9683.196 Executing VM operation: HandshakeAllThreads (HandshakeForDeflation) done
Event: 9683.196 Executing VM operation: RendezvousGCThreads
Event: 9683.196 Executing VM operation: RendezvousGCThreads done

Memory protections (0 events):
No events

Nmethod flushes (20 events):
Event: 30.812 Thread 0x000001a8ed11ebf0 flushing  nmethod 0x000001a8f0d61110
Event: 30.812 Thread 0x000001a8ed11ebf0 flushing  nmethod 0x000001a8f0d61710
Event: 30.812 Thread 0x000001a8ed11ebf0 flushing  nmethod 0x000001a8f0d61e10
Event: 30.812 Thread 0x000001a8ed11ebf0 flushing  nmethod 0x000001a8f0d62690
Event: 30.812 Thread 0x000001a8ed11ebf0 flushing  nmethod 0x000001a8f0d64490
Event: 30.812 Thread 0x000001a8ed11ebf0 flushing  nmethod 0x000001a8f0d70510
Event: 30.812 Thread 0x000001a8ed11ebf0 flushing  nmethod 0x000001a8f0d7d310
Event: 30.812 Thread 0x000001a8ed11ebf0 flushing  nmethod 0x000001a8f0d7d910
Event: 30.812 Thread 0x000001a8ed11ebf0 flushing  nmethod 0x000001a8f0d81910
Event: 30.812 Thread 0x000001a8ed11ebf0 flushing  nmethod 0x000001a8f0da0b90
Event: 30.812 Thread 0x000001a8ed11ebf0 flushing  nmethod 0x000001a8f0dc2990
Event: 30.812 Thread 0x000001a8ed11ebf0 flushing  nmethod 0x000001a8f0ddf590
Event: 30.812 Thread 0x000001a8ed11ebf0 flushing  nmethod 0x000001a8f0de1090
Event: 30.812 Thread 0x000001a8ed11ebf0 flushing  nmethod 0x000001a8f0de2990
Event: 30.812 Thread 0x000001a8ed11ebf0 flushing  nmethod 0x000001a8f0de3390
Event: 30.812 Thread 0x000001a8ed11ebf0 flushing  nmethod 0x000001a8f0de4210
Event: 30.812 Thread 0x000001a8ed11ebf0 flushing  nmethod 0x000001a8f0de6990
Event: 30.812 Thread 0x000001a8ed11ebf0 flushing  nmethod 0x000001a8f0de9690
Event: 30.812 Thread 0x000001a8ed11ebf0 flushing  nmethod 0x000001a8f0dea590
Event: 30.812 Thread 0x000001a8ed11ebf0 flushing  nmethod 0x000001a8f0df2010

Events (20 events):
Event: 208.708 Thread 0x000001a8d0996c20 Thread exited: 0x000001a8d0996c20
Event: 240.860 Thread 0x000001a8d1838ac0 Thread exited: 0x000001a8d1838ac0
Event: 270.872 Thread 0x000001a8d183fa50 Thread exited: 0x000001a8d183fa50
Event: 300.881 Thread 0x000001a8d18400e0 Thread exited: 0x000001a8d18400e0
Event: 300.881 Thread 0x000001a8d09937a0 Thread exited: 0x000001a8d09937a0
Event: 318.640 Thread 0x000001a8cc7d41a0 Thread added: 0x000001a8d183a500
Event: 318.641 Thread 0x000001a8d183a500 Thread exited: 0x000001a8d183a500
Event: 360.882 Thread 0x000001a8d09944c0 Thread exited: 0x000001a8d09944c0
Event: 420.889 Thread 0x000001a8d0993110 Thread exited: 0x000001a8d0993110
Event: 480.896 Thread 0x000001a8d0991040 Thread exited: 0x000001a8d0991040
Event: 540.911 Thread 0x000001a8cc770840 Thread exited: 0x000001a8cc770840
Event: 600.913 Thread 0x000001a8cc7cf970 Thread exited: 0x000001a8cc7cf970
Event: 660.924 Thread 0x000001a8cc7d3480 Thread exited: 0x000001a8cc7d3480
Event: 720.930 Thread 0x000001a8cc76ee00 Thread exited: 0x000001a8cc76ee00
Event: 780.932 Thread 0x000001a8cc770ed0 Thread exited: 0x000001a8cc770ed0
Event: 840.939 Thread 0x000001a8d0990320 Thread exited: 0x000001a8d0990320
Event: 900.955 Thread 0x000001a8d09909b0 Thread exited: 0x000001a8d09909b0
Event: 960.961 Thread 0x000001a8cc7ce5c0 Thread exited: 0x000001a8cc7ce5c0
Event: 1020.977 Thread 0x000001a8cc7d0000 Thread exited: 0x000001a8cc7d0000
Event: 1080.991 Thread 0x000001a8cc76f490 Thread exited: 0x000001a8cc76f490


Dynamic libraries:
0x00007ff7016a0000 - 0x00007ff7016ae000 	c:\Users\marco\.vscode\extensions\redhat.java-1.44.0-win32-x64\jre\21.0.8-win32-x86_64\bin\java.exe
0x00007ff87b0d0000 - 0x00007ff87b2e7000 	C:\WINDOWS\SYSTEM32\ntdll.dll
0x00007ff879350000 - 0x00007ff879414000 	C:\WINDOWS\System32\KERNEL32.DLL
0x00007ff878900000 - 0x00007ff878cad000 	C:\WINDOWS\System32\KERNELBASE.dll
0x00007ff878cb0000 - 0x00007ff878dc1000 	C:\WINDOWS\System32\ucrtbase.dll
0x00007ff847460000 - 0x00007ff847478000 	c:\Users\marco\.vscode\extensions\redhat.java-1.44.0-win32-x64\jre\21.0.8-win32-x86_64\bin\jli.dll
0x00007ff87aa00000 - 0x00007ff87abae000 	C:\WINDOWS\System32\USER32.dll
0x00007ff878760000 - 0x00007ff878786000 	C:\WINDOWS\System32\win32u.dll
0x00007ff879d40000 - 0x00007ff879d69000 	C:\WINDOWS\System32\GDI32.dll
0x00007ff878510000 - 0x00007ff878629000 	C:\WINDOWS\System32\gdi32full.dll
0x00007ff878470000 - 0x00007ff87850a000 	C:\WINDOWS\System32\msvcp_win.dll
0x00007ff843350000 - 0x00007ff84336e000 	c:\Users\marco\.vscode\extensions\redhat.java-1.44.0-win32-x64\jre\21.0.8-win32-x86_64\bin\VCRUNTIME140.dll
0x00007ff866c10000 - 0x00007ff866ea3000 	C:\WINDOWS\WinSxS\amd64_microsoft.windows.common-controls_6595b64144ccf1df_6.0.22621.3672_none_2713b9d173822955\COMCTL32.dll
0x00007ff879a80000 - 0x00007ff879b27000 	C:\WINDOWS\System32\msvcrt.dll
0x00007ff87a750000 - 0x00007ff87a781000 	C:\WINDOWS\System32\IMM32.DLL
0x00007ff857e30000 - 0x00007ff857e3c000 	c:\Users\marco\.vscode\extensions\redhat.java-1.44.0-win32-x64\jre\21.0.8-win32-x86_64\bin\vcruntime140_1.dll
0x00007ff81ec80000 - 0x00007ff81ed0d000 	c:\Users\marco\.vscode\extensions\redhat.java-1.44.0-win32-x64\jre\21.0.8-win32-x86_64\bin\msvcp140.dll
0x00007fffbeae0000 - 0x00007fffbf877000 	c:\Users\marco\.vscode\extensions\redhat.java-1.44.0-win32-x64\jre\21.0.8-win32-x86_64\bin\server\jvm.dll
0x00007ff879910000 - 0x00007ff8799c2000 	C:\WINDOWS\System32\ADVAPI32.dll
0x00007ff87a950000 - 0x00007ff87a9f9000 	C:\WINDOWS\System32\sechost.dll
0x00007ff878dd0000 - 0x00007ff878df8000 	C:\WINDOWS\System32\bcrypt.dll
0x00007ff8790d0000 - 0x00007ff8791e4000 	C:\WINDOWS\System32\RPCRT4.dll
0x00007ff87a6c0000 - 0x00007ff87a731000 	C:\WINDOWS\System32\WS2_32.dll
0x00007ff878100000 - 0x00007ff87814d000 	C:\WINDOWS\SYSTEM32\POWRPROF.dll
0x00007ff8727f0000 - 0x00007ff872824000 	C:\WINDOWS\SYSTEM32\WINMM.dll
0x00007ff873360000 - 0x00007ff87336a000 	C:\WINDOWS\SYSTEM32\VERSION.dll
0x00007ff878030000 - 0x00007ff878043000 	C:\WINDOWS\SYSTEM32\UMPDC.dll
0x00007ff8773c0000 - 0x00007ff8773d8000 	C:\WINDOWS\SYSTEM32\kernel.appcore.dll
0x00007ff857b40000 - 0x00007ff857b4a000 	c:\Users\marco\.vscode\extensions\redhat.java-1.44.0-win32-x64\jre\21.0.8-win32-x86_64\bin\jimage.dll
0x00007ff875c10000 - 0x00007ff875e42000 	C:\WINDOWS\SYSTEM32\DBGHELP.DLL
0x00007ff87abb0000 - 0x00007ff87af3d000 	C:\WINDOWS\System32\combase.dll
0x00007ff87af90000 - 0x00007ff87b067000 	C:\WINDOWS\System32\OLEAUT32.dll
0x00007ff8699f0000 - 0x00007ff869a22000 	C:\WINDOWS\SYSTEM32\dbgcore.DLL
0x00007ff8783f0000 - 0x00007ff87846b000 	C:\WINDOWS\System32\bcryptPrimitives.dll
0x00007ff84b890000 - 0x00007ff84b89f000 	c:\Users\marco\.vscode\extensions\redhat.java-1.44.0-win32-x64\jre\21.0.8-win32-x86_64\bin\instrument.dll
0x00007ff842bb0000 - 0x00007ff842bcf000 	c:\Users\marco\.vscode\extensions\redhat.java-1.44.0-win32-x64\jre\21.0.8-win32-x86_64\bin\java.dll
0x00007ff879dd0000 - 0x00007ff87a637000 	C:\WINDOWS\System32\SHELL32.dll
0x00007ff876340000 - 0x00007ff876c3e000 	C:\WINDOWS\SYSTEM32\windows.storage.dll
0x00007ff876200000 - 0x00007ff87633f000 	C:\WINDOWS\SYSTEM32\wintypes.dll
0x00007ff8791f0000 - 0x00007ff8792e9000 	C:\WINDOWS\System32\SHCORE.dll
0x00007ff879d70000 - 0x00007ff879dce000 	C:\WINDOWS\System32\shlwapi.dll
0x00007ff878320000 - 0x00007ff878341000 	C:\WINDOWS\SYSTEM32\profapi.dll
0x00007ff83f830000 - 0x00007ff83f848000 	c:\Users\marco\.vscode\extensions\redhat.java-1.44.0-win32-x64\jre\21.0.8-win32-x86_64\bin\zip.dll
0x00007ff850eb0000 - 0x00007ff850ec0000 	C:\Users\marco\.vscode\extensions\redhat.java-1.44.0-win32-x64\jre\21.0.8-win32-x86_64\bin\net.dll
0x00007ff872e20000 - 0x00007ff872f56000 	C:\WINDOWS\SYSTEM32\WINHTTP.dll
0x00007ff877890000 - 0x00007ff8778f9000 	C:\WINDOWS\system32\mswsock.dll
0x00007ff839260000 - 0x00007ff839276000 	C:\Users\marco\.vscode\extensions\redhat.java-1.44.0-win32-x64\jre\21.0.8-win32-x86_64\bin\nio.dll
0x00007ff8482c0000 - 0x00007ff8482d0000 	c:\Users\marco\.vscode\extensions\redhat.java-1.44.0-win32-x64\jre\21.0.8-win32-x86_64\bin\verify.dll
0x00007ff81f160000 - 0x00007ff81f1a5000 	C:\Users\marco\AppData\Roaming\Code\User\globalStorage\redhat.java\1.44.0\config_win\org.eclipse.equinox.launcher\org.eclipse.equinox.launcher.win32.win32.x86_64_1.2.1400.v20250730-1736\eclipse_11913.dll
0x00007ff87a7a0000 - 0x00007ff87a945000 	C:\WINDOWS\System32\ole32.dll
0x00007ff877af0000 - 0x00007ff877b0b000 	C:\WINDOWS\SYSTEM32\CRYPTSP.dll
0x00007ff877380000 - 0x00007ff8773b5000 	C:\WINDOWS\system32\rsaenh.dll
0x00007ff877990000 - 0x00007ff8779b8000 	C:\WINDOWS\SYSTEM32\USERENV.dll
0x00007ff877b10000 - 0x00007ff877b1c000 	C:\WINDOWS\SYSTEM32\CRYPTBASE.dll
0x00007ff876ea0000 - 0x00007ff876ecd000 	C:\WINDOWS\SYSTEM32\IPHLPAPI.DLL
0x00007ff879420000 - 0x00007ff879429000 	C:\WINDOWS\System32\NSI.dll
0x00007ff81eb60000 - 0x00007ff81eba9000 	C:\Users\marco\AppData\Local\Temp\jna-103666250\jna12427776769442168506.dll
0x00007ff878e00000 - 0x00007ff878e08000 	C:\WINDOWS\System32\PSAPI.DLL
0x00007ff872b10000 - 0x00007ff872b29000 	C:\WINDOWS\SYSTEM32\dhcpcsvc6.DLL
0x00007ff872a70000 - 0x00007ff872a8f000 	C:\WINDOWS\SYSTEM32\dhcpcsvc.DLL
0x00007ff8484e0000 - 0x00007ff8484e9000 	C:\Users\marco\.vscode\extensions\redhat.java-1.44.0-win32-x64\jre\21.0.8-win32-x86_64\bin\extnet.dll

JVMTI agents:
c:\Users\marco\.vscode\extensions\redhat.java-1.44.0-win32-x64\lombok\lombok-1.18.39-4050.jar path:c:\Users\marco\.vscode\extensions\redhat.java-1.44.0-win32-x64\jre\21.0.8-win32-x86_64\bin\instrument.dll, loaded, initialized, instrumentlib options:none

dbghelp: loaded successfully - version: 4.0.5 - missing functions: none
symbol engine: initialized successfully - sym options: 0x614 - pdb path: .;c:\Users\marco\.vscode\extensions\redhat.java-1.44.0-win32-x64\jre\21.0.8-win32-x86_64\bin;C:\WINDOWS\SYSTEM32;C:\WINDOWS\WinSxS\amd64_microsoft.windows.common-controls_6595b64144ccf1df_6.0.22621.3672_none_2713b9d173822955;c:\Users\marco\.vscode\extensions\redhat.java-1.44.0-win32-x64\jre\21.0.8-win32-x86_64\bin\server;C:\Users\marco\AppData\Roaming\Code\User\globalStorage\redhat.java\1.44.0\config_win\org.eclipse.equinox.launcher\org.eclipse.equinox.launcher.win32.win32.x86_64_1.2.1400.v20250730-1736;C:\Users\marco\AppData\Local\Temp\jna-103666250

VM Arguments:
jvm_args: --add-modules=ALL-SYSTEM --add-opens=java.base/java.util=ALL-UNNAMED --add-opens=java.base/java.lang=ALL-UNNAMED --add-opens=java.base/sun.nio.fs=ALL-UNNAMED -Declipse.application=org.eclipse.jdt.ls.core.id1 -Dosgi.bundles.defaultStartLevel=4 -Declipse.product=org.eclipse.jdt.ls.core.product -Djava.import.generatesMetadataFilesAtProjectRoot=false -DDetectVMInstallationsJob.disabled=true -Dfile.encoding=utf8 -XX:+UseParallelGC -XX:GCTimeRatio=4 -XX:AdaptiveSizePolicyWeight=90 -Dsun.zip.disableMemoryMapping=true -Xmx2G -Xms100m -Xlog:disable -javaagent:c:\Users\marco\.vscode\extensions\redhat.java-1.44.0-win32-x64\lombok\lombok-1.18.39-4050.jar -XX:+HeapDumpOnOutOfMemoryError -XX:HeapDumpPath=c:\Users\marco\AppData\Roaming\Code\User\workspaceStorage\fb5c6243aa85b1f3c28af12bd29ab6cf\redhat.java -Daether.dependencyCollector.impl=bf 
java_command: c:\Users\marco\.vscode\extensions\redhat.java-1.44.0-win32-x64\server\plugins\org.eclipse.equinox.launcher_1.7.0.v20250519-0528.jar -configuration c:\Users\marco\AppData\Roaming\Code\User\globalStorage\redhat.java\1.44.0\config_win -data c:\Users\marco\AppData\Roaming\Code\User\workspaceStorage\fb5c6243aa85b1f3c28af12bd29ab6cf\redhat.java\jdt_ws --pipe=\\.\pipe\lsp-f8a8dd520c1b3ebe4429dd21e604d5d2-sock
java_class_path (initial): c:\Users\marco\.vscode\extensions\redhat.java-1.44.0-win32-x64\server\plugins\org.eclipse.equinox.launcher_1.7.0.v20250519-0528.jar
Launcher Type: SUN_STANDARD

[Global flags]
    uintx AdaptiveSizePolicyWeight                 = 90                                        {product} {command line}
     intx CICompilerCount                          = 12                                        {product} {ergonomic}
    uintx GCTimeRatio                              = 4                                         {product} {command line}
     bool HeapDumpOnOutOfMemoryError               = true                                   {manageable} {command line}
    ccstr HeapDumpPath                             = c:\Users\marco\AppData\Roaming\Code\User\workspaceStorage\fb5c6243aa85b1f3c28af12bd29ab6cf\redhat.java         {manageable} {command line}
   size_t InitialHeapSize                          = 104857600                                 {product} {command line}
   size_t MaxHeapSize                              = 2147483648                                {product} {command line}
   size_t MaxNewSize                               = 715653120                                 {product} {ergonomic}
   size_t MinHeapDeltaBytes                        = 524288                                    {product} {ergonomic}
   size_t MinHeapSize                              = 104857600                                 {product} {command line}
   size_t NewSize                                  = 34603008                                  {product} {ergonomic}
    uintx NonNMethodCodeHeapSize                   = 7602480                                {pd product} {ergonomic}
    uintx NonProfiledCodeHeapSize                  = 122027880                              {pd product} {ergonomic}
   size_t OldSize                                  = 70254592                                  {product} {ergonomic}
    uintx ProfiledCodeHeapSize                     = 122027880                              {pd product} {ergonomic}
    uintx ReservedCodeCacheSize                    = 251658240                              {pd product} {ergonomic}
     bool SegmentedCodeCache                       = true                                      {product} {ergonomic}
   size_t SoftMaxHeapSize                          = 2147483648                             {manageable} {ergonomic}
     bool UseCompressedOops                        = true                           {product lp64_product} {ergonomic}
     bool UseLargePagesIndividualAllocation        = false                                  {pd product} {ergonomic}
     bool UseParallelGC                            = true                                      {product} {command line}

Logging:
Log output configuration:
 #0: stdout all=off uptime,level,tags foldmultilines=false
 #1: stderr all=off uptime,level,tags foldmultilines=false

Environment Variables:
JAVA_HOME=C:\Program Files\Amazon Corretto\jdk17.0.14_7
PATH=C:\Program Files\Common Files\Oracle\Java\javapath;C:\Program Files\Amazon Corretto\jdk17.0.14_7\bin;C:\Program Files (x86)\Common Files\Oracle\Java\javapath;C:\ProgramData\Oracle\Java\javapath;C:\Windows\system32;C:\Windows;C:\Windows\System32\Wbem;C:\Windows\System32\WindowsPowerShell\v1.0\;C:\Windows\System32\OpenSSH\;C:\Program Files (x86)\NVIDIA Corporation\PhysX\Common;C:\WINDOWS\system32;C:\WINDOWS;C:\WINDOWS\System32\Wbem;C:\WINDOWS\System32\WindowsPowerShell\v1.0\;C:\WINDOWS\System32\OpenSSH\;C:\Program Files\VSCodium\bin;C:\Program Files\dotnet\;C:\Program Files\NVIDIA Corporation\NVIDIA App\NvDLISR;C:\Program Files\Git\cmd;C:\Program Files\nodejs\;C:\Users\marco\AppData\Local\Programs\Eclipse Adoptium\jdk-21.0.6.7-hotspot\bin;C:\Users\marco\AppData\Local\Programs\Python\Launcher\;C:\Users\marco\AppData\Local\Microsoft\WindowsApps;C:\Users\marco\AppData\Roaming\Dashlane\6.2004.0.32112\bin\Firefox_Extension\{442718d9-475e-452a-b3e1-fb1ee16b8e9f}\components;C:\Users\marco\AppData\Roaming\Dashlane\6.2004.0.32112\ucrt;C:\Users\marco\AppData\Roaming\Dashlane\6.2004.0.32112\bin\Qt;C:\Users\marco\AppData\Roaming\Dashlane\6.2004.0.32112\ucrt;C:\Users\marco\AppData\Roaming\Dashlane\6.2004.0.32112\bin\Ssl;C:\Users\marco\AppData\Local\spicetify;C:\Users\marco\.dotnet\tools;C:\Users\marco\AppData\Local\Programs\Microsoft VS Code\bin;C:\Users\marco\AppData\Roaming\npm;C:\Users\marco\AppData\Local\GitHubDesktop\bin
USERNAME=marco
OS=Windows_NT
PROCESSOR_IDENTIFIER=AMD64 Family 23 Model 113 Stepping 0, AuthenticAMD
TMP=C:\Users\marco\AppData\Local\Temp
TEMP=C:\Users\marco\AppData\Local\Temp




Periodic native trim disabled

---------------  S Y S T E M  ---------------

OS:
 Windows 11 , 64 bit Build 22621 (10.0.22621.3958)
OS uptime: 0 days 6:15 hours

CPU: total 16 (initial active 16) (16 cores per cpu, 2 threads per core) family 23 model 113 stepping 0 microcode 0x0, cx8, cmov, fxsr, ht, mmx, 3dnowpref, sse, sse2, sse3, ssse3, sse4a, sse4.1, sse4.2, popcnt, lzcnt, tsc, tscinvbit, avx, avx2, aes, clmul, bmi1, bmi2, adx, sha, fma, vzeroupper, clflush, clflushopt, rdtscp, rdpid, f16c
Processor Information for the first 16 processors :
  Max Mhz: 4050, Current Mhz: 4050, Mhz Limit: 4050

Memory: 4k page, system-wide physical 32675M (498M free)
TotalPageFile size 92087M (AvailPageFile size 104M)
current process WorkingSet (physical memory assigned to process): 27M, peak: 1091M
current process commit charge ("private bytes"): 939M, peak: 1036M

vm_info: OpenJDK 64-Bit Server VM (21.0.8+9-LTS) for windows-amd64 JRE (21.0.8+9-LTS), built on 2025-07-15T00:00:00Z by "admin" with MS VC++ 17.7 (VS2022)

END.
