#
# There is insufficient memory for the Java Runtime Environment to continue.
# Native memory allocation (malloc) failed to allocate 146336 bytes. Error detail: Chunk::new
# Possible reasons:
#   The system is out of physical RAM or swap space
#   This process is running with CompressedOops enabled, and the Java Heap may be blocking the growth of the native heap
# Possible solutions:
#   Reduce memory load on the system
#   Increase physical memory or swap space
#   Check if swap backing store is full
#   Decrease Java heap size (-Xmx/-Xms)
#   Decrease number of Java threads
#   Decrease Java thread stack sizes (-Xss)
#   Set larger code cache with -XX:ReservedCodeCacheSize=
#   JVM is running with Unscaled Compressed Oops mode in which the Java heap is
#     placed in the first 4GB address space. The Java Heap base address is the
#     maximum limit for the native heap growth. Please use -XX:HeapBaseMinAddress
#     to set the Java Heap base and to place the Java Heap above 4GB virtual address.
# This output file may be truncated or incomplete.
#
#  Out of Memory Error (arena.cpp:168), pid=31556, tid=20320
#
# JRE version: OpenJDK Runtime Environment Temurin-21.0.8+9 (21.0.8+9) (build 21.0.8+9-LTS)
# Java VM: OpenJDK 64-Bit Server VM Temurin-21.0.8+9 (21.0.8+9-LTS, mixed mode, sharing, tiered, compressed oops, compressed class ptrs, parallel gc, windows-amd64)
# No core dump will be written. Minidumps are not enabled by default on client versions of Windows
#

---------------  S U M M A R Y ------------

Command Line: --add-modules=ALL-SYSTEM --add-opens=java.base/java.util=ALL-UNNAMED --add-opens=java.base/java.lang=ALL-UNNAMED --add-opens=java.base/sun.nio.fs=ALL-UNNAMED -Declipse.application=org.eclipse.jdt.ls.core.id1 -Dosgi.bundles.defaultStartLevel=4 -Declipse.product=org.eclipse.jdt.ls.core.product -Djava.import.generatesMetadataFilesAtProjectRoot=false -DDetectVMInstallationsJob.disabled=true -Dfile.encoding=utf8 -XX:+UseParallelGC -XX:GCTimeRatio=4 -XX:AdaptiveSizePolicyWeight=90 -Dsun.zip.disableMemoryMapping=true -Xmx2G -Xms100m -Xlog:disable -javaagent:c:\Users\marco\.vscode\extensions\redhat.java-1.44.0-win32-x64\lombok\lombok-1.18.39-4050.jar -XX:+HeapDumpOnOutOfMemoryError -XX:HeapDumpPath=c:\Users\marco\AppData\Roaming\Code\User\workspaceStorage\fb5c6243aa85b1f3c28af12bd29ab6cf\redhat.java -Daether.dependencyCollector.impl=bf c:\Users\marco\.vscode\extensions\redhat.java-1.44.0-win32-x64\server\plugins\org.eclipse.equinox.launcher_1.7.0.v20250519-0528.jar -configuration c:\Users\marco\AppData\Roaming\Code\User\globalStorage\redhat.java\1.44.0\config_win -data c:\Users\marco\AppData\Roaming\Code\User\workspaceStorage\fb5c6243aa85b1f3c28af12bd29ab6cf\redhat.java\jdt_ws --pipe=\\.\pipe\lsp-2ea36ca98eb4d67dd0f452bf6b0883c5-sock

Host: AMD Ryzen 7 3700X 8-Core Processor             , 16 cores, 31G,  Windows 11 , 64 bit Build 22621 (10.0.22621.3958)
Time: Tue Aug 19 20:11:31 2025 W. Europe Daylight Time elapsed time: 64.753689 seconds (0d 0h 1m 4s)

---------------  T H R E A D  ---------------

Current thread (0x000001220e5b1850):  JavaThread "C2 CompilerThread1" daemon [_thread_in_native, id=20320, stack(0x00000017ac200000,0x00000017ac300000) (1024K)]


Current CompileTask:
C2:64753 7170   !   4       java.util.concurrent.ConcurrentHashMap::putVal (432 bytes)

Stack: [0x00000017ac200000,0x00000017ac300000]
Native frames: (J=compiled Java code, j=interpreted, Vv=VM code, C=native code)
V  [jvm.dll+0x6d2449]
V  [jvm.dll+0x8ae341]
V  [jvm.dll+0x8b08be]
V  [jvm.dll+0x8b0fa3]
V  [jvm.dll+0x280c96]
V  [jvm.dll+0xc581d]
V  [jvm.dll+0xc5d53]
V  [jvm.dll+0x2f539d]
V  [jvm.dll+0x5fa00a]
V  [jvm.dll+0x252092]
V  [jvm.dll+0x25244f]
V  [jvm.dll+0x24ad14]
V  [jvm.dll+0x2483a4]
V  [jvm.dll+0x1c89ee]
V  [jvm.dll+0x257d4d]
V  [jvm.dll+0x2562ea]
V  [jvm.dll+0x3f2d16]
V  [jvm.dll+0x857e6b]
V  [jvm.dll+0x6d0b0d]
C  [ucrtbase.dll+0x29333]
C  [KERNEL32.DLL+0x1257d]
C  [ntdll.dll+0x5af28]


---------------  P R O C E S S  ---------------

Threads class SMR info:
_java_thread_list=0x000001220fdd03c0, length=47, elements={
0x00000121aef5e8e0, 0x00000121c59fe570, 0x0000012208064640, 0x0000012208066cd0,
0x000001220806bc60, 0x00000122080701c0, 0x0000012208072d10, 0x0000012208080a50,
0x0000012208081940, 0x00000122081797c0, 0x0000012209747060, 0x000001220e0767a0,
0x000001220e0753f0, 0x000001220e074040, 0x000001220e075a80, 0x000001220e076110,
0x000001220e074d60, 0x000001220e0774c0, 0x000001220e52df40, 0x000001220e52b7e0,
0x000001220e52f980, 0x000001220e52be70, 0x000001220e52c500, 0x000001220e5306a0,
0x000001220e52e5d0, 0x000001220e52ec60, 0x000001220e52b150, 0x000001220e530d30,
0x000001220e52f2f0, 0x000001220e52cb90, 0x000001220e5313c0, 0x000001220e52a430,
0x000001220e52d220, 0x000001220e531a50, 0x000001220e52d8b0, 0x000001220f63e6a0,
0x000001220f641b20, 0x000001220f640770, 0x000001220f63c5d0, 0x000001220f63cc60,
0x000001220f63f3c0, 0x000001220f642840, 0x000001220f63d2f0, 0x000001220f6400e0,
0x000001220f643560, 0x000001220f63e010, 0x000001220e5b1850
}

Java Threads: ( => current thread )
  0x00000121aef5e8e0 JavaThread "main"                              [_thread_blocked, id=28760, stack(0x00000017ac300000,0x00000017ac400000) (1024K)]
  0x00000121c59fe570 JavaThread "Reference Handler"          daemon [_thread_blocked, id=16404, stack(0x00000017ac700000,0x00000017ac800000) (1024K)]
  0x0000012208064640 JavaThread "Finalizer"                  daemon [_thread_blocked, id=23460, stack(0x00000017ac800000,0x00000017ac900000) (1024K)]
  0x0000012208066cd0 JavaThread "Signal Dispatcher"          daemon [_thread_blocked, id=17340, stack(0x00000017ac900000,0x00000017aca00000) (1024K)]
  0x000001220806bc60 JavaThread "Attach Listener"            daemon [_thread_blocked, id=21372, stack(0x00000017aca00000,0x00000017acb00000) (1024K)]
  0x00000122080701c0 JavaThread "Service Thread"             daemon [_thread_blocked, id=1652, stack(0x00000017acb00000,0x00000017acc00000) (1024K)]
  0x0000012208072d10 JavaThread "Monitor Deflation Thread"   daemon [_thread_blocked, id=20248, stack(0x00000017acc00000,0x00000017acd00000) (1024K)]
  0x0000012208080a50 JavaThread "C2 CompilerThread0"         daemon [_thread_in_native, id=3452, stack(0x00000017acd00000,0x00000017ace00000) (1024K)]
  0x0000012208081940 JavaThread "C1 CompilerThread0"         daemon [_thread_blocked, id=28156, stack(0x00000017ace00000,0x00000017acf00000) (1024K)]
  0x00000122081797c0 JavaThread "Common-Cleaner"             daemon [_thread_blocked, id=10992, stack(0x00000017acf00000,0x00000017ad000000) (1024K)]
  0x0000012209747060 JavaThread "Notification Thread"        daemon [_thread_blocked, id=29460, stack(0x00000017ad300000,0x00000017ad400000) (1024K)]
  0x000001220e0767a0 JavaThread "Active Thread: Equinox Container: e65472d1-0e62-473e-b163-9d9481c5db4d"        [_thread_blocked, id=18820, stack(0x00000017add00000,0x00000017ade00000) (1024K)]
  0x000001220e0753f0 JavaThread "Refresh Thread: Equinox Container: e65472d1-0e62-473e-b163-9d9481c5db4d" daemon [_thread_blocked, id=1408, stack(0x00000017adf00000,0x00000017ae000000) (1024K)]
  0x000001220e074040 JavaThread "Framework Event Dispatcher: Equinox Container: e65472d1-0e62-473e-b163-9d9481c5db4d" daemon [_thread_blocked, id=18872, stack(0x00000017ae000000,0x00000017ae100000) (1024K)]
  0x000001220e075a80 JavaThread "Start Level: Equinox Container: e65472d1-0e62-473e-b163-9d9481c5db4d" daemon [_thread_blocked, id=10620, stack(0x00000017ae100000,0x00000017ae200000) (1024K)]
  0x000001220e076110 JavaThread "Bundle File Closer"         daemon [_thread_blocked, id=21108, stack(0x00000017ae500000,0x00000017ae600000) (1024K)]
  0x000001220e074d60 JavaThread "SCR Component Actor"        daemon [_thread_blocked, id=17220, stack(0x00000017ae600000,0x00000017ae700000) (1024K)]
  0x000001220e0774c0 JavaThread "Worker-JM"                         [_thread_blocked, id=3304, stack(0x00000017ae900000,0x00000017aea00000) (1024K)]
  0x000001220e52df40 JavaThread "JNA Cleaner"                daemon [_thread_blocked, id=6688, stack(0x00000017aec00000,0x00000017aed00000) (1024K)]
  0x000001220e52b7e0 JavaThread "Worker-0"                          [_thread_blocked, id=14380, stack(0x00000017aed00000,0x00000017aee00000) (1024K)]
  0x000001220e52f980 JavaThread "Worker-1: Initialize Workspace"        [_thread_blocked, id=27544, stack(0x00000017aee00000,0x00000017aef00000) (1024K)]
  0x000001220e52be70 JavaThread "Java indexing"              daemon [_thread_blocked, id=19528, stack(0x00000017adc00000,0x00000017add00000) (1024K)]
  0x000001220e52c500 JavaThread "Worker-3"                          [_thread_blocked, id=3640, stack(0x00000017af000000,0x00000017af100000) (1024K)]
  0x000001220e5306a0 JavaThread "Thread-2"                   daemon [_thread_in_native, id=9392, stack(0x00000017af100000,0x00000017af200000) (1024K)]
  0x000001220e52e5d0 JavaThread "Thread-3"                   daemon [_thread_in_native, id=12180, stack(0x00000017af200000,0x00000017af300000) (1024K)]
  0x000001220e52ec60 JavaThread "Thread-4"                   daemon [_thread_in_native, id=21424, stack(0x00000017af300000,0x00000017af400000) (1024K)]
  0x000001220e52b150 JavaThread "Thread-5"                   daemon [_thread_in_native, id=28828, stack(0x00000017af400000,0x00000017af500000) (1024K)]
  0x000001220e530d30 JavaThread "Thread-6"                   daemon [_thread_in_native, id=29980, stack(0x00000017af500000,0x00000017af600000) (1024K)]
  0x000001220e52f2f0 JavaThread "Thread-7"                   daemon [_thread_in_native, id=9632, stack(0x00000017af600000,0x00000017af700000) (1024K)]
  0x000001220e52cb90 JavaThread "Thread-8"                   daemon [_thread_in_native, id=22176, stack(0x00000017af700000,0x00000017af800000) (1024K)]
  0x000001220e5313c0 JavaThread "Thread-9"                   daemon [_thread_in_native, id=27668, stack(0x00000017af800000,0x00000017af900000) (1024K)]
  0x000001220e52a430 JavaThread "Thread-10"                  daemon [_thread_in_native, id=28276, stack(0x00000017af900000,0x00000017afa00000) (1024K)]
  0x000001220e52d220 JavaThread "Thread-11"                  daemon [_thread_in_native, id=21472, stack(0x00000017afa00000,0x00000017afb00000) (1024K)]
  0x000001220e531a50 JavaThread "Thread-12"                  daemon [_thread_in_native, id=18612, stack(0x00000017afb00000,0x00000017afc00000) (1024K)]
  0x000001220e52d8b0 JavaThread "Thread-13"                  daemon [_thread_in_native, id=1860, stack(0x00000017afc00000,0x00000017afd00000) (1024K)]
  0x000001220f63e6a0 JavaThread "Thread-14"                  daemon [_thread_in_native, id=24912, stack(0x00000017afd00000,0x00000017afe00000) (1024K)]
  0x000001220f641b20 JavaThread "Thread-15"                  daemon [_thread_in_native, id=19712, stack(0x00000017afe00000,0x00000017aff00000) (1024K)]
  0x000001220f640770 JavaThread "Thread-16"                  daemon [_thread_in_native, id=7996, stack(0x00000017aff00000,0x00000017b0000000) (1024K)]
  0x000001220f63c5d0 JavaThread "Thread-17"                  daemon [_thread_in_native, id=31572, stack(0x00000017b0000000,0x00000017b0100000) (1024K)]
  0x000001220f63cc60 JavaThread "Thread-18"                  daemon [_thread_in_native, id=5864, stack(0x00000017b0100000,0x00000017b0200000) (1024K)]
  0x000001220f63f3c0 JavaThread "pool-2-thread-1"                   [_thread_blocked, id=11696, stack(0x00000017b0300000,0x00000017b0400000) (1024K)]
  0x000001220f642840 JavaThread "WorkspaceEventsHandler"            [_thread_blocked, id=7768, stack(0x00000017b0400000,0x00000017b0500000) (1024K)]
  0x000001220f63d2f0 JavaThread "pool-1-thread-1"                   [_thread_blocked, id=20088, stack(0x00000017b0500000,0x00000017b0600000) (1024K)]
  0x000001220f6400e0 JavaThread "Worker-4"                          [_thread_blocked, id=6224, stack(0x00000017b0600000,0x00000017b0700000) (1024K)]
  0x000001220f643560 JavaThread "Timer-0"                           [_thread_blocked, id=1944, stack(0x00000017ac000000,0x00000017ac100000) (1024K)]
  0x000001220f63e010 JavaThread "Connection worker"                 [_thread_in_Java, id=20744, stack(0x00000017ac100000,0x00000017ac200000) (1024K)]
=>0x000001220e5b1850 JavaThread "C2 CompilerThread1"         daemon [_thread_in_native, id=20320, stack(0x00000017ac200000,0x00000017ac300000) (1024K)]
Total: 47

Other Threads:
  0x00000121c59e6930 VMThread "VM Thread"                           [id=13232, stack(0x00000017ac600000,0x00000017ac700000) (1024K)]
  0x00000121c58dca00 WatcherThread "VM Periodic Task Thread"        [id=4736, stack(0x00000017ac500000,0x00000017ac600000) (1024K)]
  0x00000121aef7e930 WorkerThread "GC Thread#0"                     [id=20184, stack(0x00000017ac400000,0x00000017ac500000) (1024K)]
  0x0000012209cbf390 WorkerThread "GC Thread#1"                     [id=24560, stack(0x00000017ad500000,0x00000017ad600000) (1024K)]
  0x0000012209cbf730 WorkerThread "GC Thread#2"                     [id=2848, stack(0x00000017ad600000,0x00000017ad700000) (1024K)]
  0x0000012209cbfad0 WorkerThread "GC Thread#3"                     [id=22644, stack(0x00000017ad700000,0x00000017ad800000) (1024K)]
  0x000001220e1ddd10 WorkerThread "GC Thread#4"                     [id=22572, stack(0x00000017ad800000,0x00000017ad900000) (1024K)]
  0x000001220e1de0b0 WorkerThread "GC Thread#5"                     [id=20584, stack(0x00000017ad900000,0x00000017ada00000) (1024K)]
  0x000001220e1de450 WorkerThread "GC Thread#6"                     [id=20380, stack(0x00000017ada00000,0x00000017adb00000) (1024K)]
  0x000001220e1f7c80 WorkerThread "GC Thread#7"                     [id=13832, stack(0x00000017ade00000,0x00000017adf00000) (1024K)]
  0x000001220e5a9f40 WorkerThread "GC Thread#8"                     [id=17972, stack(0x00000017ae200000,0x00000017ae300000) (1024K)]
  0x000001220e787a40 WorkerThread "GC Thread#9"                     [id=9176, stack(0x00000017ae300000,0x00000017ae400000) (1024K)]
  0x000001220e787de0 WorkerThread "GC Thread#10"                    [id=6980, stack(0x00000017ae400000,0x00000017ae500000) (1024K)]
  0x000001220e788180 WorkerThread "GC Thread#11"                    [id=22704, stack(0x00000017ae800000,0x00000017ae900000) (1024K)]
  0x000001220e788520 WorkerThread "GC Thread#12"                    [id=30048, stack(0x00000017aeb00000,0x00000017aec00000) (1024K)]
Total: 15

Threads with active compile tasks:
C2 CompilerThread0  64785 7164   !   4       java.util.zip.ZipFile::getInputStream (275 bytes)
C2 CompilerThread1  64785 7170   !   4       java.util.concurrent.ConcurrentHashMap::putVal (432 bytes)
Total: 2

VM state: not at safepoint (normal execution)

VM Mutex/Monitor currently owned by a thread: None

Heap address: 0x0000000080000000, size: 2048 MB, Compressed Oops mode: 32-bit

CDS archive(s) mapped at: [0x00000121c6000000-0x00000121c6ba0000-0x00000121c6ba0000), size 12189696, SharedBaseAddress: 0x00000121c6000000, ArchiveRelocationMode: 1.
Compressed class space mapped at: 0x00000121c7000000-0x0000012207000000, reserved size: 1073741824
Narrow klass base: 0x00000121c6000000, Narrow klass shift: 0, Narrow klass range: 0x100000000

GC Precious Log:
 CardTable entry size: 512
 CPUs: 16 total, 16 available
 Memory: 32675M
 Large Page Support: Disabled
 NUMA Support: Disabled
 Compressed Oops: Enabled (32-bit)
 Alignments: Space 512K, Generation 512K, Heap 2M
 Heap Min Capacity: 100M
 Heap Initial Capacity: 100M
 Heap Max Capacity: 2G
 Pre-touch: Disabled
 Parallel Workers: 13

Heap:
 PSYoungGen      total 23040K, used 13722K [0x00000000d5580000, 0x00000000d6e80000, 0x0000000100000000)
  eden space 22016K, 57% used [0x00000000d5580000,0x00000000d61e7010,0x00000000d6b00000)
  from space 1024K, 99% used [0x00000000d6d80000,0x00000000d6e7fa68,0x00000000d6e80000)
  to   space 1024K, 0% used [0x00000000d6c80000,0x00000000d6c80000,0x00000000d6d80000)
 ParOldGen       total 68608K, used 31608K [0x0000000080000000, 0x0000000084300000, 0x00000000d5580000)
  object space 68608K, 46% used [0x0000000080000000,0x0000000081ede1a8,0x0000000084300000)
 Metaspace       used 50221K, committed 51456K, reserved 1114112K
  class space    used 5684K, committed 6272K, reserved 1048576K

Card table byte_map: [0x00000121ae900000,0x00000121aed10000] _byte_map_base: 0x00000121ae500000

Marking Bits: (ParMarkBitMap*) 0x00007fffbf79a340
 Begin Bits: [0x00000121c1400000, 0x00000121c3400000)
 End Bits:   [0x00000121c3400000, 0x00000121c5400000)

Polling page: 0x00000121ace10000

Metaspace:

Usage:
  Non-class:     43.49 MB used.
      Class:      5.55 MB used.
       Both:     49.04 MB used.

Virtual space:
  Non-class space:       64.00 MB reserved,      44.12 MB ( 69%) committed,  1 nodes.
      Class space:        1.00 GB reserved,       6.12 MB ( <1%) committed,  1 nodes.
             Both:        1.06 GB reserved,      50.25 MB (  5%) committed. 

Chunk freelists:
   Non-Class:  3.72 MB
       Class:  9.80 MB
        Both:  13.52 MB

MaxMetaspaceSize: unlimited
CompressedClassSpaceSize: 1.00 GB
Initial GC threshold: 21.00 MB
Current GC threshold: 58.38 MB
CDS: on
 - commit_granule_bytes: 65536.
 - commit_granule_words: 8192.
 - virtual_space_node_default_size: 8388608.
 - enlarge_chunks_in_place: 1.
 - use_allocation_guard: 0.


Internal statistics:

num_allocs_failed_limit: 6.
num_arena_births: 850.
num_arena_deaths: 14.
num_vsnodes_births: 2.
num_vsnodes_deaths: 0.
num_space_committed: 804.
num_space_uncommitted: 0.
num_chunks_returned_to_freelist: 20.
num_chunks_taken_from_freelist: 2997.
num_chunk_merges: 10.
num_chunk_splits: 1929.
num_chunks_enlarged: 1208.
num_inconsistent_stats: 0.

CodeHeap 'non-profiled nmethods': size=119168Kb used=3809Kb max_used=3809Kb free=115358Kb
 bounds [0x00000121b9cf0000, 0x00000121ba0b0000, 0x00000121c1150000]
CodeHeap 'profiled nmethods': size=119104Kb used=14178Kb max_used=14178Kb free=104925Kb
 bounds [0x00000121b2150000, 0x00000121b2f30000, 0x00000121b95a0000]
CodeHeap 'non-nmethods': size=7488Kb used=1373Kb max_used=3140Kb free=6114Kb
 bounds [0x00000121b95a0000, 0x00000121b98c0000, 0x00000121b9cf0000]
CodeCache: size=245760Kb, used=19360Kb, max_used=21127Kb, free=226397Kb
 total_blobs=7238, nmethods=6566, adapters=578, full_count=0
Compilation: enabled, stopped_count=0, restarted_count=0

Compilation events (20 events):
Event: 64.680 Thread 0x000001220e5b1850 7160       4       java.lang.ClassLoader::checkName (37 bytes)
Event: 64.681 Thread 0x0000012208080a50 7161       4       java.util.Arrays::copyOf (33 bytes)
Event: 64.682 Thread 0x000001220e5b1850 nmethod 7160 0x00000121ba0a2c10 code [0x00000121ba0a2de0, 0x00000121ba0a30e8]
Event: 64.683 Thread 0x0000012208080a50 nmethod 7161 0x00000121ba0a3390 code [0x00000121ba0a3540, 0x00000121ba0a3928]
Event: 64.689 Thread 0x0000012208081940 7162       3       java.security.PermissionCollection::setReadOnly (6 bytes)
Event: 64.689 Thread 0x0000012208081940 nmethod 7162 0x00000121b2f20390 code [0x00000121b2f20520, 0x00000121b2f20638]
Event: 64.693 Thread 0x0000012208081940 7163       1       java.security.Permission::getName (5 bytes)
Event: 64.693 Thread 0x0000012208081940 nmethod 7163 0x00000121ba0a3a90 code [0x00000121ba0a3c20, 0x00000121ba0a3ce8]
Event: 64.697 Thread 0x0000012208080a50 7164   !   4       java.util.zip.ZipFile::getInputStream (275 bytes)
Event: 64.698 Thread 0x000001220e5b1850 7165       4       jdk.internal.loader.URLClassPath::getResource (74 bytes)
Event: 64.715 Thread 0x0000012208081940 7169       3       java.lang.Package$VersionInfo::<init> (44 bytes)
Event: 64.715 Thread 0x0000012208081940 nmethod 7169 0x00000121b2f20710 code [0x00000121b2f208c0, 0x00000121b2f20ac8]
Event: 64.721 Thread 0x000001220e5b1850 nmethod 7165 0x00000121ba0a3d90 code [0x00000121ba0a4180, 0x00000121ba0a52c8]
Event: 64.723 Thread 0x000001220e5b1850 7166   !   4       java.util.concurrent.ConcurrentHashMap::transfer (849 bytes)
Event: 64.740 Thread 0x000001220e5b1850 nmethod 7166 0x00000121ba0a6010 code [0x00000121ba0a6200, 0x00000121ba0a6ea8]
Event: 64.740 Thread 0x000001220e5b1850 7170   !   4       java.util.concurrent.ConcurrentHashMap::putVal (432 bytes)
Event: 64.741 Thread 0x0000012208081940 7171       1       org.gradle.internal.service.AbstractServiceMethod::getMethod (5 bytes)
Event: 64.742 Thread 0x0000012208081940 nmethod 7171 0x00000121ba0a7a90 code [0x00000121ba0a7c20, 0x00000121ba0a7ce8]
Event: 64.742 Thread 0x0000012208081940 7172       1       org.gradle.internal.service.AbstractServiceMethod::getServiceType (5 bytes)
Event: 64.742 Thread 0x0000012208081940 nmethod 7172 0x00000121ba0a7d90 code [0x00000121ba0a7f20, 0x00000121ba0a7fe8]

GC Heap History (20 events):
Event: 2.914 GC heap before
{Heap before GC invocations=13 (full 1):
 PSYoungGen      total 24576K, used 24484K [0x00000000d5580000, 0x00000000d7180000, 0x0000000100000000)
  eden space 22528K, 100% used [0x00000000d5580000,0x00000000d6b80000,0x00000000d6b80000)
  from space 2048K, 95% used [0x00000000d6e80000,0x00000000d7069330,0x00000000d7080000)
  to   space 1024K, 0% used [0x00000000d7080000,0x00000000d7080000,0x00000000d7180000)
 ParOldGen       total 68608K, used 16225K [0x0000000080000000, 0x0000000084300000, 0x00000000d5580000)
  object space 68608K, 23% used [0x0000000080000000,0x0000000080fd8670,0x0000000084300000)
 Metaspace       used 34587K, committed 35712K, reserved 1114112K
  class space    used 3539K, committed 4032K, reserved 1048576K
}
Event: 2.916 GC heap after
{Heap after GC invocations=13 (full 1):
 PSYoungGen      total 23040K, used 1024K [0x00000000d5580000, 0x00000000d7200000, 0x0000000100000000)
  eden space 22016K, 0% used [0x00000000d5580000,0x00000000d5580000,0x00000000d6b00000)
  from space 1024K, 100% used [0x00000000d7080000,0x00000000d7180000,0x00000000d7180000)
  to   space 3584K, 0% used [0x00000000d6b00000,0x00000000d6b00000,0x00000000d6e80000)
 ParOldGen       total 68608K, used 18476K [0x0000000080000000, 0x0000000084300000, 0x00000000d5580000)
  object space 68608K, 26% used [0x0000000080000000,0x000000008120b340,0x0000000084300000)
 Metaspace       used 34587K, committed 35712K, reserved 1114112K
  class space    used 3539K, committed 4032K, reserved 1048576K
}
Event: 2.924 GC heap before
{Heap before GC invocations=14 (full 1):
 PSYoungGen      total 23040K, used 2077K [0x00000000d5580000, 0x00000000d7200000, 0x0000000100000000)
  eden space 22016K, 4% used [0x00000000d5580000,0x00000000d5687480,0x00000000d6b00000)
  from space 1024K, 100% used [0x00000000d7080000,0x00000000d7180000,0x00000000d7180000)
  to   space 3584K, 0% used [0x00000000d6b00000,0x00000000d6b00000,0x00000000d6e80000)
 ParOldGen       total 68608K, used 18476K [0x0000000080000000, 0x0000000084300000, 0x00000000d5580000)
  object space 68608K, 26% used [0x0000000080000000,0x000000008120b340,0x0000000084300000)
 Metaspace       used 34732K, committed 35840K, reserved 1114112K
  class space    used 3564K, committed 4032K, reserved 1048576K
}
Event: 2.924 GC heap after
{Heap after GC invocations=14 (full 1):
 PSYoungGen      total 25600K, used 352K [0x00000000d5580000, 0x00000000d7100000, 0x0000000100000000)
  eden space 22016K, 0% used [0x00000000d5580000,0x00000000d5580000,0x00000000d6b00000)
  from space 3584K, 9% used [0x00000000d6b00000,0x00000000d6b58000,0x00000000d6e80000)
  to   space 1536K, 0% used [0x00000000d6f80000,0x00000000d6f80000,0x00000000d7100000)
 ParOldGen       total 68608K, used 19516K [0x0000000080000000, 0x0000000084300000, 0x00000000d5580000)
  object space 68608K, 28% used [0x0000000080000000,0x000000008130f350,0x0000000084300000)
 Metaspace       used 34732K, committed 35840K, reserved 1114112K
  class space    used 3564K, committed 4032K, reserved 1048576K
}
Event: 2.924 GC heap before
{Heap before GC invocations=15 (full 2):
 PSYoungGen      total 25600K, used 352K [0x00000000d5580000, 0x00000000d7100000, 0x0000000100000000)
  eden space 22016K, 0% used [0x00000000d5580000,0x00000000d5580000,0x00000000d6b00000)
  from space 3584K, 9% used [0x00000000d6b00000,0x00000000d6b58000,0x00000000d6e80000)
  to   space 1536K, 0% used [0x00000000d6f80000,0x00000000d6f80000,0x00000000d7100000)
 ParOldGen       total 68608K, used 19516K [0x0000000080000000, 0x0000000084300000, 0x00000000d5580000)
  object space 68608K, 28% used [0x0000000080000000,0x000000008130f350,0x0000000084300000)
 Metaspace       used 34732K, committed 35840K, reserved 1114112K
  class space    used 3564K, committed 4032K, reserved 1048576K
}
Event: 2.950 GC heap after
{Heap after GC invocations=15 (full 2):
 PSYoungGen      total 25600K, used 0K [0x00000000d5580000, 0x00000000d7100000, 0x0000000100000000)
  eden space 22016K, 0% used [0x00000000d5580000,0x00000000d5580000,0x00000000d6b00000)
  from space 3584K, 0% used [0x00000000d6b00000,0x00000000d6b00000,0x00000000d6e80000)
  to   space 1536K, 0% used [0x00000000d6f80000,0x00000000d6f80000,0x00000000d7100000)
 ParOldGen       total 68608K, used 18831K [0x0000000080000000, 0x0000000084300000, 0x00000000d5580000)
  object space 68608K, 27% used [0x0000000080000000,0x0000000081263d30,0x0000000084300000)
 Metaspace       used 34732K, committed 35840K, reserved 1114112K
  class space    used 3564K, committed 4032K, reserved 1048576K
}
Event: 3.134 GC heap before
{Heap before GC invocations=16 (full 2):
 PSYoungGen      total 25600K, used 22016K [0x00000000d5580000, 0x00000000d7100000, 0x0000000100000000)
  eden space 22016K, 100% used [0x00000000d5580000,0x00000000d6b00000,0x00000000d6b00000)
  from space 3584K, 0% used [0x00000000d6b00000,0x00000000d6b00000,0x00000000d6e80000)
  to   space 1536K, 0% used [0x00000000d6f80000,0x00000000d6f80000,0x00000000d7100000)
 ParOldGen       total 68608K, used 18831K [0x0000000080000000, 0x0000000084300000, 0x00000000d5580000)
  object space 68608K, 27% used [0x0000000080000000,0x0000000081263d30,0x0000000084300000)
 Metaspace       used 36721K, committed 37824K, reserved 1114112K
  class space    used 3832K, committed 4288K, reserved 1048576K
}
Event: 3.136 GC heap after
{Heap after GC invocations=16 (full 2):
 PSYoungGen      total 23552K, used 1197K [0x00000000d5580000, 0x00000000d7100000, 0x0000000100000000)
  eden space 22016K, 0% used [0x00000000d5580000,0x00000000d5580000,0x00000000d6b00000)
  from space 1536K, 77% used [0x00000000d6f80000,0x00000000d70ab670,0x00000000d7100000)
  to   space 1536K, 0% used [0x00000000d6e00000,0x00000000d6e00000,0x00000000d6f80000)
 ParOldGen       total 68608K, used 18839K [0x0000000080000000, 0x0000000084300000, 0x00000000d5580000)
  object space 68608K, 27% used [0x0000000080000000,0x0000000081265d30,0x0000000084300000)
 Metaspace       used 36721K, committed 37824K, reserved 1114112K
  class space    used 3832K, committed 4288K, reserved 1048576K
}
Event: 3.338 GC heap before
{Heap before GC invocations=17 (full 2):
 PSYoungGen      total 23552K, used 23213K [0x00000000d5580000, 0x00000000d7100000, 0x0000000100000000)
  eden space 22016K, 100% used [0x00000000d5580000,0x00000000d6b00000,0x00000000d6b00000)
  from space 1536K, 77% used [0x00000000d6f80000,0x00000000d70ab670,0x00000000d7100000)
  to   space 1536K, 0% used [0x00000000d6e00000,0x00000000d6e00000,0x00000000d6f80000)
 ParOldGen       total 68608K, used 18839K [0x0000000080000000, 0x0000000084300000, 0x00000000d5580000)
  object space 68608K, 27% used [0x0000000080000000,0x0000000081265d30,0x0000000084300000)
 Metaspace       used 38396K, committed 39552K, reserved 1114112K
  class space    used 4049K, committed 4544K, reserved 1048576K
}
Event: 3.339 GC heap after
{Heap after GC invocations=17 (full 2):
 PSYoungGen      total 23040K, used 704K [0x00000000d5580000, 0x00000000d7000000, 0x0000000100000000)
  eden space 22016K, 0% used [0x00000000d5580000,0x00000000d5580000,0x00000000d6b00000)
  from space 1024K, 68% used [0x00000000d6e00000,0x00000000d6eb0000,0x00000000d6f00000)
  to   space 1024K, 0% used [0x00000000d6f00000,0x00000000d6f00000,0x00000000d7000000)
 ParOldGen       total 68608K, used 19695K [0x0000000080000000, 0x0000000084300000, 0x00000000d5580000)
  object space 68608K, 28% used [0x0000000080000000,0x000000008133bd40,0x0000000084300000)
 Metaspace       used 38396K, committed 39552K, reserved 1114112K
  class space    used 4049K, committed 4544K, reserved 1048576K
}
Event: 3.525 GC heap before
{Heap before GC invocations=18 (full 2):
 PSYoungGen      total 23040K, used 22720K [0x00000000d5580000, 0x00000000d7000000, 0x0000000100000000)
  eden space 22016K, 100% used [0x00000000d5580000,0x00000000d6b00000,0x00000000d6b00000)
  from space 1024K, 68% used [0x00000000d6e00000,0x00000000d6eb0000,0x00000000d6f00000)
  to   space 1024K, 0% used [0x00000000d6f00000,0x00000000d6f00000,0x00000000d7000000)
 ParOldGen       total 68608K, used 19695K [0x0000000080000000, 0x0000000084300000, 0x00000000d5580000)
  object space 68608K, 28% used [0x0000000080000000,0x000000008133bd40,0x0000000084300000)
 Metaspace       used 40932K, committed 42048K, reserved 1114112K
  class space    used 4372K, committed 4864K, reserved 1048576K
}
Event: 3.526 GC heap after
{Heap after GC invocations=18 (full 2):
 PSYoungGen      total 23040K, used 1024K [0x00000000d5580000, 0x00000000d7000000, 0x0000000100000000)
  eden space 22016K, 0% used [0x00000000d5580000,0x00000000d5580000,0x00000000d6b00000)
  from space 1024K, 100% used [0x00000000d6f00000,0x00000000d7000000,0x00000000d7000000)
  to   space 2048K, 0% used [0x00000000d6c00000,0x00000000d6c00000,0x00000000d6e00000)
 ParOldGen       total 68608K, used 20271K [0x0000000080000000, 0x0000000084300000, 0x00000000d5580000)
  object space 68608K, 29% used [0x0000000080000000,0x00000000813cbd40,0x0000000084300000)
 Metaspace       used 40932K, committed 42048K, reserved 1114112K
  class space    used 4372K, committed 4864K, reserved 1048576K
}
Event: 3.785 GC heap before
{Heap before GC invocations=19 (full 2):
 PSYoungGen      total 23040K, used 23040K [0x00000000d5580000, 0x00000000d7000000, 0x0000000100000000)
  eden space 22016K, 100% used [0x00000000d5580000,0x00000000d6b00000,0x00000000d6b00000)
  from space 1024K, 100% used [0x00000000d6f00000,0x00000000d7000000,0x00000000d7000000)
  to   space 2048K, 0% used [0x00000000d6c00000,0x00000000d6c00000,0x00000000d6e00000)
 ParOldGen       total 68608K, used 20271K [0x0000000080000000, 0x0000000084300000, 0x00000000d5580000)
  object space 68608K, 29% used [0x0000000080000000,0x00000000813cbd40,0x0000000084300000)
 Metaspace       used 43632K, committed 44800K, reserved 1114112K
  class space    used 4719K, committed 5248K, reserved 1048576K
}
Event: 3.787 GC heap after
{Heap after GC invocations=19 (full 2):
 PSYoungGen      total 24064K, used 1568K [0x00000000d5580000, 0x00000000d6f80000, 0x0000000100000000)
  eden space 22016K, 0% used [0x00000000d5580000,0x00000000d5580000,0x00000000d6b00000)
  from space 2048K, 76% used [0x00000000d6c00000,0x00000000d6d88000,0x00000000d6e00000)
  to   space 1536K, 0% used [0x00000000d6e00000,0x00000000d6e00000,0x00000000d6f80000)
 ParOldGen       total 68608K, used 21186K [0x0000000080000000, 0x0000000084300000, 0x00000000d5580000)
  object space 68608K, 30% used [0x0000000080000000,0x00000000814b0a50,0x0000000084300000)
 Metaspace       used 43632K, committed 44800K, reserved 1114112K
  class space    used 4719K, committed 5248K, reserved 1048576K
}
Event: 4.097 GC heap before
{Heap before GC invocations=20 (full 2):
 PSYoungGen      total 24064K, used 23584K [0x00000000d5580000, 0x00000000d6f80000, 0x0000000100000000)
  eden space 22016K, 100% used [0x00000000d5580000,0x00000000d6b00000,0x00000000d6b00000)
  from space 2048K, 76% used [0x00000000d6c00000,0x00000000d6d88000,0x00000000d6e00000)
  to   space 1536K, 0% used [0x00000000d6e00000,0x00000000d6e00000,0x00000000d6f80000)
 ParOldGen       total 68608K, used 21186K [0x0000000080000000, 0x0000000084300000, 0x00000000d5580000)
  object space 68608K, 30% used [0x0000000080000000,0x00000000814b0a50,0x0000000084300000)
 Metaspace       used 46086K, committed 47232K, reserved 1114112K
  class space    used 4991K, committed 5504K, reserved 1048576K
}
Event: 4.099 GC heap after
{Heap after GC invocations=20 (full 2):
 PSYoungGen      total 23552K, used 1033K [0x00000000d5580000, 0x00000000d6f80000, 0x0000000100000000)
  eden space 22016K, 0% used [0x00000000d5580000,0x00000000d5580000,0x00000000d6b00000)
  from space 1536K, 67% used [0x00000000d6e00000,0x00000000d6f025f0,0x00000000d6f80000)
  to   space 1536K, 0% used [0x00000000d6c80000,0x00000000d6c80000,0x00000000d6e00000)
 ParOldGen       total 68608K, used 22498K [0x0000000080000000, 0x0000000084300000, 0x00000000d5580000)
  object space 68608K, 32% used [0x0000000080000000,0x00000000815f8a50,0x0000000084300000)
 Metaspace       used 46086K, committed 47232K, reserved 1114112K
  class space    used 4991K, committed 5504K, reserved 1048576K
}
Event: 64.442 GC heap before
{Heap before GC invocations=21 (full 2):
 PSYoungGen      total 23552K, used 23049K [0x00000000d5580000, 0x00000000d6f80000, 0x0000000100000000)
  eden space 22016K, 100% used [0x00000000d5580000,0x00000000d6b00000,0x00000000d6b00000)
  from space 1536K, 67% used [0x00000000d6e00000,0x00000000d6f025f0,0x00000000d6f80000)
  to   space 1536K, 0% used [0x00000000d6c80000,0x00000000d6c80000,0x00000000d6e00000)
 ParOldGen       total 68608K, used 22498K [0x0000000080000000, 0x0000000084300000, 0x00000000d5580000)
  object space 68608K, 32% used [0x0000000080000000,0x00000000815f8a50,0x0000000084300000)
 Metaspace       used 48036K, committed 49216K, reserved 1114112K
  class space    used 5296K, committed 5824K, reserved 1048576K
}
Event: 64.444 GC heap after
{Heap after GC invocations=21 (full 2):
 PSYoungGen      total 23040K, used 944K [0x00000000d5580000, 0x00000000d6e80000, 0x0000000100000000)
  eden space 22016K, 0% used [0x00000000d5580000,0x00000000d5580000,0x00000000d6b00000)
  from space 1024K, 92% used [0x00000000d6c80000,0x00000000d6d6c010,0x00000000d6d80000)
  to   space 1024K, 0% used [0x00000000d6d80000,0x00000000d6d80000,0x00000000d6e80000)
 ParOldGen       total 68608K, used 23291K [0x0000000080000000, 0x0000000084300000, 0x00000000d5580000)
  object space 68608K, 33% used [0x0000000080000000,0x00000000816beca0,0x0000000084300000)
 Metaspace       used 48036K, committed 49216K, reserved 1114112K
  class space    used 5296K, committed 5824K, reserved 1048576K
}
Event: 64.608 GC heap before
{Heap before GC invocations=22 (full 2):
 PSYoungGen      total 23040K, used 22960K [0x00000000d5580000, 0x00000000d6e80000, 0x0000000100000000)
  eden space 22016K, 100% used [0x00000000d5580000,0x00000000d6b00000,0x00000000d6b00000)
  from space 1024K, 92% used [0x00000000d6c80000,0x00000000d6d6c010,0x00000000d6d80000)
  to   space 1024K, 0% used [0x00000000d6d80000,0x00000000d6d80000,0x00000000d6e80000)
 ParOldGen       total 68608K, used 23291K [0x0000000080000000, 0x0000000084300000, 0x00000000d5580000)
  object space 68608K, 33% used [0x0000000080000000,0x00000000816beca0,0x0000000084300000)
 Metaspace       used 49271K, committed 50496K, reserved 1114112K
  class space    used 5494K, committed 6080K, reserved 1048576K
}
Event: 64.612 GC heap after
{Heap after GC invocations=22 (full 2):
 PSYoungGen      total 23040K, used 1022K [0x00000000d5580000, 0x00000000d6e80000, 0x0000000100000000)
  eden space 22016K, 0% used [0x00000000d5580000,0x00000000d5580000,0x00000000d6b00000)
  from space 1024K, 99% used [0x00000000d6d80000,0x00000000d6e7fa68,0x00000000d6e80000)
  to   space 1024K, 0% used [0x00000000d6c80000,0x00000000d6c80000,0x00000000d6d80000)
 ParOldGen       total 68608K, used 31608K [0x0000000080000000, 0x0000000084300000, 0x00000000d5580000)
  object space 68608K, 46% used [0x0000000080000000,0x0000000081ede1a8,0x0000000084300000)
 Metaspace       used 49271K, committed 50496K, reserved 1114112K
  class space    used 5494K, committed 6080K, reserved 1048576K
}

Dll operation events (11 events):
Event: 0.010 Loaded shared library c:\Users\marco\.vscode\extensions\redhat.java-1.44.0-win32-x64\jre\21.0.8-win32-x86_64\bin\java.dll
Event: 0.070 Loaded shared library c:\Users\marco\.vscode\extensions\redhat.java-1.44.0-win32-x64\jre\21.0.8-win32-x86_64\bin\zip.dll
Event: 0.087 Loaded shared library C:\Users\marco\.vscode\extensions\redhat.java-1.44.0-win32-x64\jre\21.0.8-win32-x86_64\bin\instrument.dll
Event: 0.091 Loaded shared library C:\Users\marco\.vscode\extensions\redhat.java-1.44.0-win32-x64\jre\21.0.8-win32-x86_64\bin\net.dll
Event: 0.093 Loaded shared library C:\Users\marco\.vscode\extensions\redhat.java-1.44.0-win32-x64\jre\21.0.8-win32-x86_64\bin\nio.dll
Event: 0.096 Loaded shared library C:\Users\marco\.vscode\extensions\redhat.java-1.44.0-win32-x64\jre\21.0.8-win32-x86_64\bin\zip.dll
Event: 0.109 Loaded shared library C:\Users\marco\.vscode\extensions\redhat.java-1.44.0-win32-x64\jre\21.0.8-win32-x86_64\bin\jimage.dll
Event: 0.164 Loaded shared library c:\Users\marco\.vscode\extensions\redhat.java-1.44.0-win32-x64\jre\21.0.8-win32-x86_64\bin\verify.dll
Event: 0.895 Loaded shared library C:\Users\marco\AppData\Roaming\Code\User\globalStorage\redhat.java\1.44.0\config_win\org.eclipse.equinox.launcher\org.eclipse.equinox.launcher.win32.win32.x86_64_1.2.1400.v20250730-1736\eclipse_11913.dll
Event: 1.814 Loaded shared library C:\Users\marco\AppData\Local\Temp\jna-103666250\jna8405294013988212886.dll
Event: 64.648 Loaded shared library C:\Users\marco\.gradle\native\1def1411415f61bf3af743bc5b6707747c0891f09f0c88961ee8f79bc544acac\windows-amd64\native-platform.dll

Deoptimization events (20 events):
Event: 64.532 Thread 0x000001220f63e010 Uncommon trap: trap_request=0xffffff45 fr.pc=0x00000121b9d25770 relative=0x00000000000001b0
Event: 64.532 Thread 0x000001220f63e010 Uncommon trap: reason=unstable_if action=reinterpret pc=0x00000121b9d25770 method=jdk.internal.util.ArraysSupport.vectorizedHashCode(Ljava/lang/Object;IIII)I @ 2 c2
Event: 64.532 Thread 0x000001220f63e010 DEOPT PACKING pc=0x00000121b9d25770 sp=0x00000017ac1fd030
Event: 64.532 Thread 0x000001220f63e010 DEOPT UNPACKING pc=0x00000121b95f3aa2 sp=0x00000017ac1fcfe0 mode 2
Event: 64.532 Thread 0x000001220f63e010 Uncommon trap: trap_request=0xffffff45 fr.pc=0x00000121b9dcfa3c relative=0x000000000000017c
Event: 64.532 Thread 0x000001220f63e010 Uncommon trap: reason=unstable_if action=reinterpret pc=0x00000121b9dcfa3c method=java.util.zip.ZipFile$Source.isMetaName([BII)Z @ 57 c2
Event: 64.532 Thread 0x000001220f63e010 DEOPT PACKING pc=0x00000121b9dcfa3c sp=0x00000017ac1fd300
Event: 64.532 Thread 0x000001220f63e010 DEOPT UNPACKING pc=0x00000121b95f3aa2 sp=0x00000017ac1fd290 mode 2
Event: 64.542 Thread 0x000001220f63e010 DEOPT PACKING pc=0x00000121b2ee1fc6 sp=0x00000017ac1fd200
Event: 64.542 Thread 0x000001220f63e010 DEOPT UNPACKING pc=0x00000121b95f4242 sp=0x00000017ac1fc780 mode 0
Event: 64.651 Thread 0x000001220f63e010 Uncommon trap: trap_request=0xffffff45 fr.pc=0x00000121b9e23e68 relative=0x00000000000000c8
Event: 64.651 Thread 0x000001220f63e010 Uncommon trap: reason=unstable_if action=reinterpret pc=0x00000121b9e23e68 method=java.util.RegularEnumSet.contains(Ljava/lang/Object;)Z @ 16 c2
Event: 64.651 Thread 0x000001220f63e010 DEOPT PACKING pc=0x00000121b9e23e68 sp=0x00000017ac1fe1a0
Event: 64.651 Thread 0x000001220f63e010 DEOPT UNPACKING pc=0x00000121b95f3aa2 sp=0x00000017ac1fe140 mode 2
Event: 64.698 Thread 0x000001220f63e010 DEOPT PACKING pc=0x00000121b2b96156 sp=0x00000017ac1fca30
Event: 64.698 Thread 0x000001220f63e010 DEOPT UNPACKING pc=0x00000121b95f4242 sp=0x00000017ac1fbf40 mode 0
Event: 64.701 Thread 0x000001220f63e010 DEOPT PACKING pc=0x00000121b234623d sp=0x00000017ac1fcdf0
Event: 64.701 Thread 0x000001220f63e010 DEOPT UNPACKING pc=0x00000121b95f4242 sp=0x00000017ac1fc2f8 mode 0
Event: 64.731 Thread 0x000001220f63e010 DEOPT PACKING pc=0x00000121b2b96135 sp=0x00000017ac1fcc20
Event: 64.731 Thread 0x000001220f63e010 DEOPT UNPACKING pc=0x00000121b95f4242 sp=0x00000017ac1fc130 mode 0

Classes loaded (20 events):
Event: 64.361 Loading class java/nio/file/FileChannelLinesSpliterator
Event: 64.361 Loading class java/nio/file/FileChannelLinesSpliterator done
Event: 64.361 Loading class java/util/stream/Streams$1
Event: 64.362 Loading class java/util/stream/Streams$1 done
Event: 64.362 Loading class java/nio/file/FileChannelLinesSpliterator$1
Event: 64.362 Loading class java/nio/file/FileChannelLinesSpliterator$1 done
Event: 64.402 Loading class java/util/concurrent/CopyOnWriteArraySet
Event: 64.402 Loading class java/util/concurrent/CopyOnWriteArraySet done
Event: 64.426 Loading class java/util/concurrent/ArrayBlockingQueue
Event: 64.426 Loading class java/util/concurrent/ArrayBlockingQueue done
Event: 64.460 Loading class java/net/HttpURLConnection
Event: 64.461 Loading class java/net/HttpURLConnection done
Event: 64.464 Loading class java/io/FileFilter
Event: 64.464 Loading class java/io/FileFilter done
Event: 64.475 Loading class java/util/concurrent/ConcurrentHashMap$ValueSpliterator
Event: 64.476 Loading class java/util/concurrent/ConcurrentHashMap$ValueSpliterator done
Event: 64.476 Loading class jdk/internal/loader/BootLoader$PackageHelper
Event: 64.477 Loading class jdk/internal/loader/BootLoader$PackageHelper done
Event: 64.670 Loading class java/lang/Class$EnclosingMethodInfo
Event: 64.670 Loading class java/lang/Class$EnclosingMethodInfo done

Classes unloaded (7 events):
Event: 2.132 Thread 0x00000121c59e6930 Unloading class 0x00000121c71ab800 'java/lang/invoke/LambdaForm$MH+0x00000121c71ab800'
Event: 2.132 Thread 0x00000121c59e6930 Unloading class 0x00000121c71ab400 'java/lang/invoke/LambdaForm$MH+0x00000121c71ab400'
Event: 2.132 Thread 0x00000121c59e6930 Unloading class 0x00000121c71ab000 'java/lang/invoke/LambdaForm$MH+0x00000121c71ab000'
Event: 2.132 Thread 0x00000121c59e6930 Unloading class 0x00000121c71aac00 'java/lang/invoke/LambdaForm$MH+0x00000121c71aac00'
Event: 2.132 Thread 0x00000121c59e6930 Unloading class 0x00000121c71aa800 'java/lang/invoke/LambdaForm$BMH+0x00000121c71aa800'
Event: 2.132 Thread 0x00000121c59e6930 Unloading class 0x00000121c71aa400 'java/lang/invoke/LambdaForm$DMH+0x00000121c71aa400'
Event: 2.132 Thread 0x00000121c59e6930 Unloading class 0x00000121c71a9000 'java/lang/invoke/LambdaForm$DMH+0x00000121c71a9000'

Classes redefined (0 events):
No events

Internal exceptions (20 events):
Event: 64.345 Thread 0x000001220e52f980 Exception <a 'sun/nio/fs/WindowsException'{0x00000000d5df19e0}> (0x00000000d5df19e0) 
thrown [s\src\hotspot\share\prims\jni.cpp, line 520]
Event: 64.350 Thread 0x000001220e52f980 Exception <a 'sun/nio/fs/WindowsException'{0x00000000d5e76138}> (0x00000000d5e76138) 
thrown [s\src\hotspot\share\prims\jni.cpp, line 520]
Event: 64.350 Thread 0x000001220e52f980 Exception <a 'sun/nio/fs/WindowsException'{0x00000000d5e76928}> (0x00000000d5e76928) 
thrown [s\src\hotspot\share\prims\jni.cpp, line 520]
Event: 64.351 Thread 0x000001220e52f980 Exception <a 'sun/nio/fs/WindowsException'{0x00000000d5e77678}> (0x00000000d5e77678) 
thrown [s\src\hotspot\share\prims\jni.cpp, line 520]
Event: 64.351 Thread 0x000001220e52f980 Exception <a 'sun/nio/fs/WindowsException'{0x00000000d5e77e68}> (0x00000000d5e77e68) 
thrown [s\src\hotspot\share\prims\jni.cpp, line 520]
Event: 64.352 Thread 0x000001220e52f980 Exception <a 'sun/nio/fs/WindowsException'{0x00000000d5e8dad8}> (0x00000000d5e8dad8) 
thrown [s\src\hotspot\share\prims\jni.cpp, line 520]
Event: 64.352 Thread 0x000001220e52f980 Exception <a 'sun/nio/fs/WindowsException'{0x00000000d5e8e2c8}> (0x00000000d5e8e2c8) 
thrown [s\src\hotspot\share\prims\jni.cpp, line 520]
Event: 64.355 Thread 0x000001220e52f980 Exception <a 'sun/nio/fs/WindowsException'{0x00000000d5ecb348}> (0x00000000d5ecb348) 
thrown [s\src\hotspot\share\prims\jni.cpp, line 520]
Event: 64.355 Thread 0x000001220e52f980 Exception <a 'sun/nio/fs/WindowsException'{0x00000000d5ecbb38}> (0x00000000d5ecbb38) 
thrown [s\src\hotspot\share\prims\jni.cpp, line 520]
Event: 64.356 Thread 0x000001220e52f980 Exception <a 'sun/nio/fs/WindowsException'{0x00000000d5ecd0c0}> (0x00000000d5ecd0c0) 
thrown [s\src\hotspot\share\prims\jni.cpp, line 520]
Event: 64.356 Thread 0x000001220e52f980 Exception <a 'sun/nio/fs/WindowsException'{0x00000000d5ecd780}> (0x00000000d5ecd780) 
thrown [s\src\hotspot\share\prims\jni.cpp, line 520]
Event: 64.356 Thread 0x000001220e52f980 Exception <a 'sun/nio/fs/WindowsException'{0x00000000d5ece288}> (0x00000000d5ece288) 
thrown [s\src\hotspot\share\prims\jni.cpp, line 520]
Event: 64.356 Thread 0x000001220e52f980 Exception <a 'sun/nio/fs/WindowsException'{0x00000000d5ece948}> (0x00000000d5ece948) 
thrown [s\src\hotspot\share\prims\jni.cpp, line 520]
Event: 64.357 Thread 0x000001220e52f980 Exception <a 'sun/nio/fs/WindowsException'{0x00000000d5ecf4b0}> (0x00000000d5ecf4b0) 
thrown [s\src\hotspot\share\prims\jni.cpp, line 520]
Event: 64.357 Thread 0x000001220e52f980 Exception <a 'sun/nio/fs/WindowsException'{0x00000000d5ecfb70}> (0x00000000d5ecfb70) 
thrown [s\src\hotspot\share\prims\jni.cpp, line 520]
Event: 64.357 Thread 0x000001220e52f980 Exception <a 'sun/nio/fs/WindowsException'{0x00000000d5ed1418}> (0x00000000d5ed1418) 
thrown [s\src\hotspot\share\prims\jni.cpp, line 520]
Event: 64.357 Thread 0x000001220e52f980 Exception <a 'sun/nio/fs/WindowsException'{0x00000000d5ed1ad8}> (0x00000000d5ed1ad8) 
thrown [s\src\hotspot\share\prims\jni.cpp, line 520]
Event: 64.358 Thread 0x000001220e52f980 Exception <a 'java/lang/NoSuchMethodError'{0x00000000d5ee6858}: 'void java.lang.invoke.DirectMethodHandle$Holder.invokeVirtual(java.lang.Object, java.lang.Object, java.lang.Object, java.lang.Object)'> (0x00000000d5ee6858) 
thrown [s\src\hotspot\share\interpreter\linkResolver.cpp, line 773]
Event: 64.403 Thread 0x000001220e52f980 Exception <a 'java/lang/NoSuchMethodError'{0x00000000d65a0790}: 'java.lang.Object java.lang.invoke.DirectMethodHandle$Holder.invokeVirtual(java.lang.Object, java.lang.Object, java.lang.Object, java.lang.Object)'> (0x00000000d65a0790) 
thrown [s\src\hotspot\share\interpreter\linkResolver.cpp, line 773]
Event: 64.405 Thread 0x000001220e52f980 Exception <a 'java/lang/NoSuchMethodError'{0x00000000d65c2d10}: 'java.lang.Object java.lang.invoke.DirectMethodHandle$Holder.invokeVirtual(java.lang.Object, java.lang.Object, java.lang.Object, java.lang.Object, java.lang.Object)'> (0x00000000d65c2d10) 
thrown [s\src\hotspot\share\interpreter\linkResolver.cpp, line 773]

ZGC Phase Switch (0 events):
No events

VM Operations (20 events):
Event: 22.288 Executing VM operation: Cleanup
Event: 22.288 Executing VM operation: Cleanup done
Event: 29.348 Executing VM operation: Cleanup
Event: 29.348 Executing VM operation: Cleanup done
Event: 31.367 Executing VM operation: Cleanup
Event: 31.367 Executing VM operation: Cleanup done
Event: 33.387 Executing VM operation: Cleanup
Event: 33.387 Executing VM operation: Cleanup done
Event: 43.475 Executing VM operation: Cleanup
Event: 43.475 Executing VM operation: Cleanup done
Event: 60.202 Executing VM operation: HandshakeAllThreads (HandshakeForDeflation)
Event: 60.202 Executing VM operation: HandshakeAllThreads (HandshakeForDeflation) done
Event: 60.202 Executing VM operation: RendezvousGCThreads
Event: 60.202 Executing VM operation: RendezvousGCThreads done
Event: 64.442 Executing VM operation: ParallelGCFailedAllocation (Allocation Failure)
Event: 64.444 Executing VM operation: ParallelGCFailedAllocation (Allocation Failure) done
Event: 64.473 Executing VM operation: HandshakeAllThreads (Deoptimize)
Event: 64.473 Executing VM operation: HandshakeAllThreads (Deoptimize) done
Event: 64.608 Executing VM operation: ParallelGCFailedAllocation (Allocation Failure)
Event: 64.612 Executing VM operation: ParallelGCFailedAllocation (Allocation Failure) done

Memory protections (0 events):
No events

Nmethod flushes (20 events):
Event: 2.937 Thread 0x00000121c59e6930 flushing  nmethod 0x00000121b28a0c90
Event: 2.937 Thread 0x00000121c59e6930 flushing  nmethod 0x00000121b28b7710
Event: 2.937 Thread 0x00000121c59e6930 flushing  nmethod 0x00000121b28bfb90
Event: 2.937 Thread 0x00000121c59e6930 flushing  nmethod 0x00000121b28bff90
Event: 2.937 Thread 0x00000121c59e6930 flushing  nmethod 0x00000121b28c0890
Event: 2.937 Thread 0x00000121c59e6930 flushing  nmethod 0x00000121b28c1a90
Event: 2.937 Thread 0x00000121c59e6930 flushing  nmethod 0x00000121b28c2290
Event: 2.937 Thread 0x00000121c59e6930 flushing  nmethod 0x00000121b28c2a10
Event: 2.937 Thread 0x00000121c59e6930 flushing  nmethod 0x00000121b28c3f90
Event: 2.937 Thread 0x00000121c59e6930 flushing  nmethod 0x00000121b28c4490
Event: 2.937 Thread 0x00000121c59e6930 flushing  nmethod 0x00000121b28c4d90
Event: 2.937 Thread 0x00000121c59e6930 flushing  nmethod 0x00000121b28c5610
Event: 2.937 Thread 0x00000121c59e6930 flushing  nmethod 0x00000121b28c6190
Event: 2.937 Thread 0x00000121c59e6930 flushing  nmethod 0x00000121b28c7c10
Event: 2.937 Thread 0x00000121c59e6930 flushing  nmethod 0x00000121b28c8590
Event: 2.937 Thread 0x00000121c59e6930 flushing  nmethod 0x00000121b28c9690
Event: 2.937 Thread 0x00000121c59e6930 flushing  nmethod 0x00000121b28cbb90
Event: 2.937 Thread 0x00000121c59e6930 flushing  nmethod 0x00000121b2912590
Event: 2.937 Thread 0x00000121c59e6930 flushing  nmethod 0x00000121b2918690
Event: 2.937 Thread 0x00000121c59e6930 flushing  nmethod 0x00000121b2939e90

Events (20 events):
Event: 4.377 Thread 0x0000012209972930 Thread exited: 0x0000012209972930
Event: 4.377 Thread 0x00000122081df330 Thread exited: 0x00000122081df330
Event: 5.447 Thread 0x0000012208187a20 Thread exited: 0x0000012208187a20
Event: 5.447 Thread 0x000001220e5b1850 Thread exited: 0x000001220e5b1850
Event: 5.509 Thread 0x0000012208185370 Thread exited: 0x0000012208185370
Event: 7.123 Thread 0x000001220e076e30 Thread exited: 0x000001220e076e30
Event: 30.783 Thread 0x0000012208081940 Thread added: 0x000001220e5b1850
Event: 30.784 Thread 0x0000012208081940 Thread added: 0x0000012210860d10
Event: 30.791 Thread 0x0000012208081940 Thread added: 0x000001221085c220
Event: 30.791 Thread 0x0000012208081940 Thread added: 0x000001221085cfc0
Event: 30.801 Thread 0x000001221085c220 Thread added: 0x000001221085f8a0
Event: 32.766 Thread 0x0000012210860d10 Thread exited: 0x0000012210860d10
Event: 32.766 Thread 0x000001221085f8a0 Thread exited: 0x000001221085f8a0
Event: 32.766 Thread 0x000001221085cfc0 Thread exited: 0x000001221085cfc0
Event: 32.906 Thread 0x000001220e5b1850 Thread exited: 0x000001220e5b1850
Event: 42.636 Thread 0x000001221085c220 Thread exited: 0x000001221085c220
Event: 63.976 Thread 0x000001220e530010 Thread exited: 0x000001220e530010
Event: 64.383 Thread 0x000001220e52f980 Thread added: 0x000001220f643560
Event: 64.439 Thread 0x000001220e52f980 Thread added: 0x000001220f63e010
Event: 64.533 Thread 0x0000012208081940 Thread added: 0x000001220e5b1850


Dynamic libraries:
0x00007ff7016a0000 - 0x00007ff7016ae000 	c:\Users\marco\.vscode\extensions\redhat.java-1.44.0-win32-x64\jre\21.0.8-win32-x86_64\bin\java.exe
0x00007ff87b0d0000 - 0x00007ff87b2e7000 	C:\WINDOWS\SYSTEM32\ntdll.dll
0x00007ff879350000 - 0x00007ff879414000 	C:\WINDOWS\System32\KERNEL32.DLL
0x00007ff878900000 - 0x00007ff878cad000 	C:\WINDOWS\System32\KERNELBASE.dll
0x00007ff878cb0000 - 0x00007ff878dc1000 	C:\WINDOWS\System32\ucrtbase.dll
0x00007ff847460000 - 0x00007ff847478000 	c:\Users\marco\.vscode\extensions\redhat.java-1.44.0-win32-x64\jre\21.0.8-win32-x86_64\bin\jli.dll
0x00007ff843350000 - 0x00007ff84336e000 	c:\Users\marco\.vscode\extensions\redhat.java-1.44.0-win32-x64\jre\21.0.8-win32-x86_64\bin\VCRUNTIME140.dll
0x00007ff87aa00000 - 0x00007ff87abae000 	C:\WINDOWS\System32\USER32.dll
0x00007ff878760000 - 0x00007ff878786000 	C:\WINDOWS\System32\win32u.dll
0x00007ff866c10000 - 0x00007ff866ea3000 	C:\WINDOWS\WinSxS\amd64_microsoft.windows.common-controls_6595b64144ccf1df_6.0.22621.3672_none_2713b9d173822955\COMCTL32.dll
0x00007ff879a80000 - 0x00007ff879b27000 	C:\WINDOWS\System32\msvcrt.dll
0x00007ff879d40000 - 0x00007ff879d69000 	C:\WINDOWS\System32\GDI32.dll
0x00007ff878510000 - 0x00007ff878629000 	C:\WINDOWS\System32\gdi32full.dll
0x00007ff878470000 - 0x00007ff87850a000 	C:\WINDOWS\System32\msvcp_win.dll
0x00007ff87a750000 - 0x00007ff87a781000 	C:\WINDOWS\System32\IMM32.DLL
0x00007ff857e30000 - 0x00007ff857e3c000 	c:\Users\marco\.vscode\extensions\redhat.java-1.44.0-win32-x64\jre\21.0.8-win32-x86_64\bin\vcruntime140_1.dll
0x00007ff81ec80000 - 0x00007ff81ed0d000 	c:\Users\marco\.vscode\extensions\redhat.java-1.44.0-win32-x64\jre\21.0.8-win32-x86_64\bin\msvcp140.dll
0x00007fffbeae0000 - 0x00007fffbf877000 	c:\Users\marco\.vscode\extensions\redhat.java-1.44.0-win32-x64\jre\21.0.8-win32-x86_64\bin\server\jvm.dll
0x00007ff879910000 - 0x00007ff8799c2000 	C:\WINDOWS\System32\ADVAPI32.dll
0x00007ff87a950000 - 0x00007ff87a9f9000 	C:\WINDOWS\System32\sechost.dll
0x00007ff878dd0000 - 0x00007ff878df8000 	C:\WINDOWS\System32\bcrypt.dll
0x00007ff8790d0000 - 0x00007ff8791e4000 	C:\WINDOWS\System32\RPCRT4.dll
0x00007ff87a6c0000 - 0x00007ff87a731000 	C:\WINDOWS\System32\WS2_32.dll
0x00007ff878100000 - 0x00007ff87814d000 	C:\WINDOWS\SYSTEM32\POWRPROF.dll
0x00007ff8727f0000 - 0x00007ff872824000 	C:\WINDOWS\SYSTEM32\WINMM.dll
0x00007ff873360000 - 0x00007ff87336a000 	C:\WINDOWS\SYSTEM32\VERSION.dll
0x00007ff878030000 - 0x00007ff878043000 	C:\WINDOWS\SYSTEM32\UMPDC.dll
0x00007ff8773c0000 - 0x00007ff8773d8000 	C:\WINDOWS\SYSTEM32\kernel.appcore.dll
0x00007ff857b40000 - 0x00007ff857b4a000 	c:\Users\marco\.vscode\extensions\redhat.java-1.44.0-win32-x64\jre\21.0.8-win32-x86_64\bin\jimage.dll
0x00007ff875c10000 - 0x00007ff875e42000 	C:\WINDOWS\SYSTEM32\DBGHELP.DLL
0x00007ff87abb0000 - 0x00007ff87af3d000 	C:\WINDOWS\System32\combase.dll
0x00007ff87af90000 - 0x00007ff87b067000 	C:\WINDOWS\System32\OLEAUT32.dll
0x00007ff8699f0000 - 0x00007ff869a22000 	C:\WINDOWS\SYSTEM32\dbgcore.DLL
0x00007ff8783f0000 - 0x00007ff87846b000 	C:\WINDOWS\System32\bcryptPrimitives.dll
0x00007ff8745a0000 - 0x00007ff8745af000 	c:\Users\marco\.vscode\extensions\redhat.java-1.44.0-win32-x64\jre\21.0.8-win32-x86_64\bin\instrument.dll
0x00007ff842bb0000 - 0x00007ff842bcf000 	c:\Users\marco\.vscode\extensions\redhat.java-1.44.0-win32-x64\jre\21.0.8-win32-x86_64\bin\java.dll
0x00007ff879dd0000 - 0x00007ff87a637000 	C:\WINDOWS\System32\SHELL32.dll
0x00007ff876340000 - 0x00007ff876c3e000 	C:\WINDOWS\SYSTEM32\windows.storage.dll
0x00007ff876200000 - 0x00007ff87633f000 	C:\WINDOWS\SYSTEM32\wintypes.dll
0x00007ff8791f0000 - 0x00007ff8792e9000 	C:\WINDOWS\System32\SHCORE.dll
0x00007ff879d70000 - 0x00007ff879dce000 	C:\WINDOWS\System32\shlwapi.dll
0x00007ff878320000 - 0x00007ff878341000 	C:\WINDOWS\SYSTEM32\profapi.dll
0x00007ff83f830000 - 0x00007ff83f848000 	c:\Users\marco\.vscode\extensions\redhat.java-1.44.0-win32-x64\jre\21.0.8-win32-x86_64\bin\zip.dll
0x00007ff850eb0000 - 0x00007ff850ec0000 	C:\Users\marco\.vscode\extensions\redhat.java-1.44.0-win32-x64\jre\21.0.8-win32-x86_64\bin\net.dll
0x00007ff872e20000 - 0x00007ff872f56000 	C:\WINDOWS\SYSTEM32\WINHTTP.dll
0x00007ff877890000 - 0x00007ff8778f9000 	C:\WINDOWS\system32\mswsock.dll
0x00007ff839260000 - 0x00007ff839276000 	C:\Users\marco\.vscode\extensions\redhat.java-1.44.0-win32-x64\jre\21.0.8-win32-x86_64\bin\nio.dll
0x00007ff8482c0000 - 0x00007ff8482d0000 	c:\Users\marco\.vscode\extensions\redhat.java-1.44.0-win32-x64\jre\21.0.8-win32-x86_64\bin\verify.dll
0x00007ff823df0000 - 0x00007ff823e35000 	C:\Users\marco\AppData\Roaming\Code\User\globalStorage\redhat.java\1.44.0\config_win\org.eclipse.equinox.launcher\org.eclipse.equinox.launcher.win32.win32.x86_64_1.2.1400.v20250730-1736\eclipse_11913.dll
0x00007ff87a7a0000 - 0x00007ff87a945000 	C:\WINDOWS\System32\ole32.dll
0x00007ff877af0000 - 0x00007ff877b0b000 	C:\WINDOWS\SYSTEM32\CRYPTSP.dll
0x00007ff877380000 - 0x00007ff8773b5000 	C:\WINDOWS\system32\rsaenh.dll
0x00007ff877990000 - 0x00007ff8779b8000 	C:\WINDOWS\SYSTEM32\USERENV.dll
0x00007ff877b10000 - 0x00007ff877b1c000 	C:\WINDOWS\SYSTEM32\CRYPTBASE.dll
0x00007ff876ea0000 - 0x00007ff876ecd000 	C:\WINDOWS\SYSTEM32\IPHLPAPI.DLL
0x00007ff879420000 - 0x00007ff879429000 	C:\WINDOWS\System32\NSI.dll
0x00007ff823da0000 - 0x00007ff823de9000 	C:\Users\marco\AppData\Local\Temp\jna-103666250\jna8405294013988212886.dll
0x00007ff878e00000 - 0x00007ff878e08000 	C:\WINDOWS\System32\PSAPI.DLL
0x00007ff872b10000 - 0x00007ff872b29000 	C:\WINDOWS\SYSTEM32\dhcpcsvc6.DLL
0x00007ff872a70000 - 0x00007ff872a8f000 	C:\WINDOWS\SYSTEM32\dhcpcsvc.DLL
0x00007ff83cf60000 - 0x00007ff83cf87000 	C:\Users\marco\.gradle\native\1def1411415f61bf3af743bc5b6707747c0891f09f0c88961ee8f79bc544acac\windows-amd64\native-platform.dll

JVMTI agents:
c:\Users\marco\.vscode\extensions\redhat.java-1.44.0-win32-x64\lombok\lombok-1.18.39-4050.jar path:c:\Users\marco\.vscode\extensions\redhat.java-1.44.0-win32-x64\jre\21.0.8-win32-x86_64\bin\instrument.dll, loaded, initialized, instrumentlib options:none

dbghelp: loaded successfully - version: 4.0.5 - missing functions: none
symbol engine: initialized successfully - sym options: 0x614 - pdb path: .;c:\Users\marco\.vscode\extensions\redhat.java-1.44.0-win32-x64\jre\21.0.8-win32-x86_64\bin;C:\WINDOWS\SYSTEM32;C:\WINDOWS\WinSxS\amd64_microsoft.windows.common-controls_6595b64144ccf1df_6.0.22621.3672_none_2713b9d173822955;c:\Users\marco\.vscode\extensions\redhat.java-1.44.0-win32-x64\jre\21.0.8-win32-x86_64\bin\server;C:\Users\marco\AppData\Roaming\Code\User\globalStorage\redhat.java\1.44.0\config_win\org.eclipse.equinox.launcher\org.eclipse.equinox.launcher.win32.win32.x86_64_1.2.1400.v20250730-1736;C:\Users\marco\AppData\Local\Temp\jna-103666250;C:\Users\marco\.gradle\native\1def1411415f61bf3af743bc5b6707747c0891f09f0c88961ee8f79bc544acac\windows-amd64

VM Arguments:
jvm_args: --add-modules=ALL-SYSTEM --add-opens=java.base/java.util=ALL-UNNAMED --add-opens=java.base/java.lang=ALL-UNNAMED --add-opens=java.base/sun.nio.fs=ALL-UNNAMED -Declipse.application=org.eclipse.jdt.ls.core.id1 -Dosgi.bundles.defaultStartLevel=4 -Declipse.product=org.eclipse.jdt.ls.core.product -Djava.import.generatesMetadataFilesAtProjectRoot=false -DDetectVMInstallationsJob.disabled=true -Dfile.encoding=utf8 -XX:+UseParallelGC -XX:GCTimeRatio=4 -XX:AdaptiveSizePolicyWeight=90 -Dsun.zip.disableMemoryMapping=true -Xmx2G -Xms100m -Xlog:disable -javaagent:c:\Users\marco\.vscode\extensions\redhat.java-1.44.0-win32-x64\lombok\lombok-1.18.39-4050.jar -XX:+HeapDumpOnOutOfMemoryError -XX:HeapDumpPath=c:\Users\marco\AppData\Roaming\Code\User\workspaceStorage\fb5c6243aa85b1f3c28af12bd29ab6cf\redhat.java -Daether.dependencyCollector.impl=bf 
java_command: c:\Users\marco\.vscode\extensions\redhat.java-1.44.0-win32-x64\server\plugins\org.eclipse.equinox.launcher_1.7.0.v20250519-0528.jar -configuration c:\Users\marco\AppData\Roaming\Code\User\globalStorage\redhat.java\1.44.0\config_win -data c:\Users\marco\AppData\Roaming\Code\User\workspaceStorage\fb5c6243aa85b1f3c28af12bd29ab6cf\redhat.java\jdt_ws --pipe=\\.\pipe\lsp-2ea36ca98eb4d67dd0f452bf6b0883c5-sock
java_class_path (initial): c:\Users\marco\.vscode\extensions\redhat.java-1.44.0-win32-x64\server\plugins\org.eclipse.equinox.launcher_1.7.0.v20250519-0528.jar
Launcher Type: SUN_STANDARD

[Global flags]
    uintx AdaptiveSizePolicyWeight                 = 90                                        {product} {command line}
     intx CICompilerCount                          = 12                                        {product} {ergonomic}
    uintx GCTimeRatio                              = 4                                         {product} {command line}
     bool HeapDumpOnOutOfMemoryError               = true                                   {manageable} {command line}
    ccstr HeapDumpPath                             = c:\Users\marco\AppData\Roaming\Code\User\workspaceStorage\fb5c6243aa85b1f3c28af12bd29ab6cf\redhat.java         {manageable} {command line}
   size_t InitialHeapSize                          = 104857600                                 {product} {command line}
   size_t MaxHeapSize                              = 2147483648                                {product} {command line}
   size_t MaxNewSize                               = 715653120                                 {product} {ergonomic}
   size_t MinHeapDeltaBytes                        = 524288                                    {product} {ergonomic}
   size_t MinHeapSize                              = 104857600                                 {product} {command line}
   size_t NewSize                                  = 34603008                                  {product} {ergonomic}
    uintx NonNMethodCodeHeapSize                   = 7602480                                {pd product} {ergonomic}
    uintx NonProfiledCodeHeapSize                  = 122027880                              {pd product} {ergonomic}
   size_t OldSize                                  = 70254592                                  {product} {ergonomic}
    uintx ProfiledCodeHeapSize                     = 122027880                              {pd product} {ergonomic}
    uintx ReservedCodeCacheSize                    = 251658240                              {pd product} {ergonomic}
     bool SegmentedCodeCache                       = true                                      {product} {ergonomic}
   size_t SoftMaxHeapSize                          = 2147483648                             {manageable} {ergonomic}
     bool UseCompressedOops                        = true                           {product lp64_product} {ergonomic}
     bool UseLargePagesIndividualAllocation        = false                                  {pd product} {ergonomic}
     bool UseParallelGC                            = true                                      {product} {command line}

Logging:
Log output configuration:
 #0: stdout all=off uptime,level,tags foldmultilines=false
 #1: stderr all=off uptime,level,tags foldmultilines=false

Environment Variables:
JAVA_HOME=C:\Program Files\Amazon Corretto\jdk17.0.14_7
PATH=C:\Program Files\Common Files\Oracle\Java\javapath;C:\Program Files\Amazon Corretto\jdk17.0.14_7\bin;C:\Program Files (x86)\Common Files\Oracle\Java\javapath;C:\ProgramData\Oracle\Java\javapath;C:\Windows\system32;C:\Windows;C:\Windows\System32\Wbem;C:\Windows\System32\WindowsPowerShell\v1.0\;C:\Windows\System32\OpenSSH\;C:\Program Files (x86)\NVIDIA Corporation\PhysX\Common;C:\WINDOWS\system32;C:\WINDOWS;C:\WINDOWS\System32\Wbem;C:\WINDOWS\System32\WindowsPowerShell\v1.0\;C:\WINDOWS\System32\OpenSSH\;C:\Program Files\VSCodium\bin;C:\Program Files\dotnet\;C:\Program Files\NVIDIA Corporation\NVIDIA App\NvDLISR;C:\Program Files\Git\cmd;C:\Program Files\nodejs\;C:\Users\marco\AppData\Local\Programs\Eclipse Adoptium\jdk-21.0.6.7-hotspot\bin;C:\Users\marco\AppData\Local\Programs\Python\Launcher\;C:\Users\marco\AppData\Local\Microsoft\WindowsApps;C:\Users\marco\AppData\Roaming\Dashlane\6.2004.0.32112\bin\Firefox_Extension\{442718d9-475e-452a-b3e1-fb1ee16b8e9f}\components;C:\Users\marco\AppData\Roaming\Dashlane\6.2004.0.32112\ucrt;C:\Users\marco\AppData\Roaming\Dashlane\6.2004.0.32112\bin\Qt;C:\Users\marco\AppData\Roaming\Dashlane\6.2004.0.32112\ucrt;C:\Users\marco\AppData\Roaming\Dashlane\6.2004.0.32112\bin\Ssl;C:\Users\marco\AppData\Local\spicetify;C:\Users\marco\.dotnet\tools;C:\Users\marco\AppData\Local\Programs\Microsoft VS Code\bin;C:\Users\marco\AppData\Roaming\npm;C:\Users\marco\AppData\Local\GitHubDesktop\bin
USERNAME=marco
OS=Windows_NT
PROCESSOR_IDENTIFIER=AMD64 Family 23 Model 113 Stepping 0, AuthenticAMD
TMP=C:\Users\marco\AppData\Local\Temp
TEMP=C:\Users\marco\AppData\Local\Temp




Periodic native trim disabled

---------------  S Y S T E M  ---------------

OS:
 Windows 11 , 64 bit Build 22621 (10.0.22621.3958)
OS uptime: 0 days 6:17 hours

CPU: total 16 (initial active 16) (16 cores per cpu, 2 threads per core) family 23 model 113 stepping 0 microcode 0x0, cx8, cmov, fxsr, ht, mmx, 3dnowpref, sse, sse2, sse3, ssse3, sse4a, sse4.1, sse4.2, popcnt, lzcnt, tsc, tscinvbit, avx, avx2, aes, clmul, bmi1, bmi2, adx, sha, fma, vzeroupper, clflush, clflushopt, rdtscp, rdpid, f16c
Processor Information for the first 16 processors :
  Max Mhz: 4050, Current Mhz: 4050, Mhz Limit: 4050

Memory: 4k page, system-wide physical 32675M (737M free)
TotalPageFile size 92087M (AvailPageFile size 1M)
current process WorkingSet (physical memory assigned to process): 220M, peak: 249M
current process commit charge ("private bytes"): 350M, peak: 389M

vm_info: OpenJDK 64-Bit Server VM (21.0.8+9-LTS) for windows-amd64 JRE (21.0.8+9-LTS), built on 2025-07-15T00:00:00Z by "admin" with MS VC++ 17.7 (VS2022)

END.
